******************************************************************************
                  TI ARM Linker PC v20.2.7                     
******************************************************************************
>> Linked Wed Nov  5 10:24:44 2025

OUTPUT FILE NAME:   <Kyle_Berkof_Huy_Le_Lab2.out>
ENTRY POINT SYMBOL: "_c_int00_noargs"  address: 00005da1


MEMORY CONFIGURATION

         name            origin    length      used     unused   attr    fill
----------------------  --------  ---------  --------  --------  ----  --------
  FLASH                 00000000   00100000  00006906  000f96fa  R  X
  SRAM                  20000000   00040000  0000d95a  000326a6  RW X


SEGMENT ALLOCATION MAP

run origin  load origin   length   init length attrs members
----------  ----------- ---------- ----------- ----- -------
00000000    00000000    00006908   00006908    r-x
  00000000    00000000    00000200   00000200    r-- .intvecs
  00000200    00000200    00005ed6   00005ed6    r-x .text
  000060d8    000060d8    000007f0   000007f0    r-- .const
  000068c8    000068c8    00000040   00000040    r-- .cinit
20000000    20000000    0000d960   00000000    rw-
  20000000    20000000    00008058   00000000    rw- .data
  20008058    20008058    00005102   00000000    rw- .bss
  2000d160    2000d160    00000800   00000000    rw- .stack


SECTION ALLOCATION MAP

 output                                  attributes/
section   page    origin      length       input sections
--------  ----  ----------  ----------   ----------------
.intvecs   0    00000000    00000200     
                  00000000    00000200     startup_ccs.obj (.intvecs)

.text      0    00000200    00005ed6     
                  00000200    00002460     tasks.obj (.text)
                  00002660    00000a4e     rtsv7M4_T_le_v4SPD16_eabi.lib : _printfi.c.obj (.text:__TI_printfi)
                  000030ae    00000002                                   : div0.asm.obj (.text)
                  000030b0    000005e4     Crystalfontz128x128_ST7735.obj (.text)
                  00003694    00000420     heap_4.obj (.text)
                  00003ab4    00000270     rtsv7M4_T_le_v4SPD16_eabi.lib : _printfi.c.obj (.text:_pconv_a)
                  00003d24    00000252     grlib.lib : string.obj (.text:GrFontGlyphRender)
                  00003f76    00000002     --HOLE-- [fill = 0]
                  00003f78    00000200     driverlib.lib : sysctl.obj (.text:SysCtlClockFreqSet)
                  00004178    00000200     main.obj (.text)
                  00004378    000001d0     rtsv7M4_T_le_v4SPD16_eabi.lib : _printfi.c.obj (.text:_pconv_g)
                  00004548    000001b6                                   : fd_add_t2.asm.obj (.text)
                  000046fe    00000002     --HOLE-- [fill = 0]
                  00004700    0000016c     driverlib.lib : gpio.obj (.text:GPIOPadConfigSet)
                  0000486c    00000144     HAL_EK_TM4C1294XL_Crystalfontz128x128_ST7735.obj (.text)
                  000049b0    0000013c     rtsv7M4_T_le_v4SPD16_eabi.lib : _printfi.c.obj (.text:_pconv_e)
                  00004aec    0000013c     port.obj (.text)
                  00004c28    00000136     rtsv7M4_T_le_v4SPD16_eabi.lib : fd_div_t2.asm.obj (.text)
                  00004d5e    00000130     list.obj (.text)
                  00004e8e    00000002     --HOLE-- [fill = 0]
                  00004e90    00000124     rtsv7M4_T_le_v4SPD16_eabi.lib : _printfi.c.obj (.text:fcvt)
                  00004fb4    00000110                                   : s_scalbn.c.obj (.text:scalbn)
                  000050c4    000000fc                                   : fd_mul_t2.asm.obj (.text)
                  000051c0    000000da     portasm.obj (.text)
                  0000529a    000000c0     grlib.lib : string.obj (.text:GrDefaultStringRenderer)
                  0000535a    00000002     --HOLE-- [fill = 0]
                  0000535c    000000b1     rtsv7M4_T_le_v4SPD16_eabi.lib : _printfi.c.obj (.text:_ltostr)
                  0000540d    00000001     --HOLE-- [fill = 0]
                  0000540e    0000009c                                   : memcpy_t2.asm.obj (.text)
                  000054aa    00000096                                   : ull_div_t2.asm.obj (.text)
                  00005540    00000086     grlib.lib : rectangle.obj (.text:GrRectFill)
                  000055c6    00000086     rtsv7M4_T_le_v4SPD16_eabi.lib : fd_cmp_t2.asm.obj (.text:__aeabi_cdcmple)
                  0000564c    00000086                                   : fd_cmp_t2.asm.obj (.text:__aeabi_cdrcmple)
                  000056d2    0000007a                                   : memset_t2.asm.obj (.text)
                  0000574c    0000006e                                   : _printfi.c.obj (.text:_mcpy)
                  000057ba    00000002     --HOLE-- [fill = 0]
                  000057bc    00000068     grlib.lib : context.obj (.text:GrContextInit)
                  00005824    00000068               : string.obj (.text:GrStringWidthGet)
                  0000588c    00000068     rtsv7M4_T_le_v4SPD16_eabi.lib : copy_decompress_lzss.c.obj (.text:decompress:lzss:__TI_decompress_lzss)
                  000058f4    00000064                                   : s_frexp.c.obj (.text:frexp)
                  00005958    0000005a     grlib.lib : string.obj (.text:FontWideGlyphDataGet)
                  000059b2    00000056     rtsv7M4_T_le_v4SPD16_eabi.lib : _printfi.c.obj (.text:_pconv_f)
                  00005a08    00000054                                   : _ltoa.c.obj (.text:__TI_ltoa)
                  00005a5c    00000052                                   : _printfi.c.obj (.text:_ecpy)
                  00005aae    00000002     --HOLE-- [fill = 0]
                  00005ab0    0000004c     driverlib.lib : gpio.obj (.text:GPIOPinConfigure)
                  00005afc    0000004c     rtsv7M4_T_le_v4SPD16_eabi.lib : atoi.c.obj (.text:atoi)
                  00005b48    0000004c                                   : snprintf.c.obj (.text:snprintf)
                  00005b94    0000004a     grlib.lib : string.obj (.text:UpdateContextCharMapping)
                  00005bde    00000002     --HOLE-- [fill = 0]
                  00005be0    00000048     driverlib.lib : sysctl.obj (.text:_SysCtlFrequencyGet)
                  00005c28    00000048     rtsv7M4_T_le_v4SPD16_eabi.lib : fd_toi_t2.asm.obj (.text)
                  00005c70    00000044                                   : autoinit.c.obj (.text:__TI_auto_init_nobinit_nopinit:__TI_auto_init_nobinit_nopinit)
                  00005cb4    0000003e                                   : _printfi.c.obj (.text:_fcpy)
                  00005cf2    0000003c     grlib.lib : string.obj (.text:FontGlyphDataGet)
                  00005d2e    0000003c     driverlib.lib : ssi.obj (.text:SSIConfigSetExpClk)
                  00005d6a    00000002     --HOLE-- [fill = 0]
                  00005d6c    00000034                   : sysctl.obj (.text:SysCtlPeripheralEnable)
                  00005da0    00000034     rtsv7M4_T_le_v4SPD16_eabi.lib : boot_cortex_m.c.obj (.text:_c_int00_noargs:_c_int00_noargs)
                  00005dd4    00000030                                   : snprintf.c.obj (.text:_outs)
                  00005e04    0000002e     grlib.lib : string.obj (.text:GrStringNextCharGet)
                  00005e32    0000002e     rtsv7M4_T_le_v4SPD16_eabi.lib : i_tofd_t2.asm.obj (.text)
                  00005e60    0000002c     driverlib.lib : gpio.obj (.text:GPIODirModeSet)
                  00005e8c    0000002c     grlib.lib : string.obj (.text:GrFontBaselineGet)
                  00005eb8    00000026               : string.obj (.text:GrFontInfoGet)
                  00005ede    00000022               : string.obj (.text:GrFontGlyphDataGet)
                  00005f00    00000020     driverlib.lib : sysctl.obj (.text:_SysCtlMemTimingGet)
                  00005f20    0000001e     grlib.lib : string.obj (.text:GrFontCodepageGet)
                  00005f3e    0000001c     rtsv7M4_T_le_v4SPD16_eabi.lib : memccpy.c.obj (.text:memccpy)
                  00005f5a    0000001a     driverlib.lib : gpio.obj (.text:GPIOPinTypeGPIOOutput)
                  00005f74    0000001a     rtsv7M4_T_le_v4SPD16_eabi.lib : s_copysign.c.obj (.text:copysign)
                  00005f8e    00000018                                   : snprintf.c.obj (.text:_outc)
                  00005fa6    00000016     driverlib.lib : gpio.obj (.text:GPIOPinTypeSSI)
                  00005fbc    00000016     grlib.lib : string.obj (.text:GrStringDraw)
                  00005fd2    00000016     rtsv7M4_T_le_v4SPD16_eabi.lib : strchr.c.obj (.text:strchr)
                  00005fe8    00000014                                   : strlen.c.obj (.text:strlen)
                  00005ffc    00000012                                   : wcslen.c.obj (.text:wcslen)
                  0000600e    00000002     --HOLE-- [fill = 0]
                  00006010    00000010     driverlib.lib : fpu.obj (.text:FPUEnable)
                  00006020    00000010                   : fpu.obj (.text:FPULazyStackingEnable)
                  00006030    00000010                   : interrupt.obj (.text:IntMasterDisable)
                  00006040    00000010                   : interrupt.obj (.text:IntMasterEnable)
                  00006050    0000000e     rtsv7M4_T_le_v4SPD16_eabi.lib : copy_decompress_none.c.obj (.text:decompress:none:__TI_decompress_none)
                  0000605e    0000000c     driverlib.lib : cpu.obj (.text:CPUcpsid)
                  0000606a    0000000c                   : cpu.obj (.text:CPUcpsie)
                  00006076    0000000c     rtsv7M4_T_le_v4SPD16_eabi.lib : copy_zero_init.c.obj (.text:decompress:ZI:__TI_zero_init)
                  00006082    0000000c     startup_ccs.obj (.text)
                  0000608e    0000000a     driverlib.lib : ssi.obj (.text:SSIDataPut)
                  00006098    0000000a                   : ssi.obj (.text:SSIEnable)
                  000060a2    00000008     grlib.lib : charmap.obj (.text:GrMapISO8859_1_Unicode)
                  000060aa    00000008     driverlib.lib : ssi.obj (.text:SSIBusy)
                  000060b2    00000002     --HOLE-- [fill = 0]
                  000060b4    00000008     rtsv7M4_T_le_v4SPD16_eabi.lib : errno.c.obj (.text:__aeabi_errno_addr)
                  000060bc    00000006     driverlib.lib : gpio.obj (.text:GPIOPinWrite)
                  000060c2    00000006     grlib.lib : string.obj (.text:GrContextFontSet)
                  000060c8    00000006     driverlib.lib : sysctl.obj (.text:SysCtlDelay)
                  000060ce    00000004     rtsv7M4_T_le_v4SPD16_eabi.lib : pre_init.c.obj (.text:_system_pre_init)
                  000060d2    00000004                                   : exit.c.obj (.text:abort:abort)

.const     0    000060d8    000007f0     
                  000060d8    000002f8     grlib.lib : fontfixed6x8.obj (.const:.string:g_pui8FontFixed6x8Data)
                  000063d0    000001b0     driverlib.lib : sysctl.obj (.const:g_pppui32XTALtoVCO)
                  00006580    00000101     rtsv7M4_T_le_v4SPD16_eabi.lib : ctype.c.obj (.const:.string:_ctypes_)
                  00006681    00000003     --HOLE-- [fill = 0]
                  00006684    000000c8     grlib.lib : fontfixed6x8.obj (.const:g_sFontFixed6x8)
                  0000674c    00000090     driverlib.lib : gpio.obj (.const:g_pui32GPIOBaseAddrs)
                  000067dc    0000006c                   : sysctl.obj (.const:g_pui32Xtals)
                  00006848    00000030                   : sysctl.obj (.const:g_sXTALtoMEMTIM)
                  00006878    00000028     Crystalfontz128x128_ST7735.obj (.const:g_sCrystalfontz128x128)
                  000068a0    00000010     grlib.lib : context.obj (.const:g_psDefaultCodePointMapTable)
                  000068b0    00000008     main.obj (.const:$P$T0$1)
                  000068b8    00000008     driverlib.lib : sysctl.obj (.const:g_pui32VCOFrequencies)
                  000068c0    00000004     port.obj (.const)
                  000068c4    00000004     tasks.obj (.const)

.cinit     0    000068c8    00000040     
                  000068c8    00000018     (.cinit..data.load) [load image, compression = lzss]
                  000068e0    0000000c     (__TI_handler_table)
                  000068ec    00000004     --HOLE-- [fill = 0]
                  000068f0    00000008     (.cinit..bss.load) [load image, compression = zero_init]
                  000068f8    00000010     (__TI_cinit_table)

.init_array 
*          0    00000000    00000000     UNINITIALIZED

.data      0    20000000    00008058     UNINITIALIZED
                  20000000    00008000     Crystalfontz128x128_ST7735.obj (.data:Lcd_buffer)
                  20008000    0000002c     tasks.obj (.data)
                  2000802c    00000014     heap_4.obj (.data)
                  20008040    0000000c     main.obj (.data)
                  2000804c    00000004     port.obj (.data)
                  20008050    00000004     rtsv7M4_T_le_v4SPD16_eabi.lib : errno.c.obj (.data)
                  20008054    00000004     tasks.obj (.data:xYieldPendings)

.bss       0    20008058    00005102     UNINITIALIZED
                  20008058    00004f10     heap_4.obj (.bss:ucHeap)
                  2000cf68    00000140     tasks.obj (.bss:pxReadyTasksLists)
                  2000d0a8    0000002c     (.common:gContext)
                  2000d0d4    00000014     tasks.obj (.bss:xDelayedTaskList1)
                  2000d0e8    00000014     tasks.obj (.bss:xDelayedTaskList2)
                  2000d0fc    00000014     tasks.obj (.bss:xPendingReadyList)
                  2000d110    00000014     tasks.obj (.bss:xSuspendedTaskList)
                  2000d124    00000014     tasks.obj (.bss:xTasksWaitingTermination)
                  2000d138    00000008     tasks.obj (.bss)
                  2000d140    00000008     heap_4.obj (.bss:xStart)
                  2000d148    00000004     grlib.lib : context.obj (.bss)
                  2000d14c    00000004     tasks.obj (.bss:xIdleTaskHandles)
                  2000d150    00000002     (.common:Lcd_ScreenHeigth)
                  2000d152    00000002     (.common:Lcd_ScreenWidth)
                  2000d154    00000002     (.common:Lcd_TouchTrim)
                  2000d156    00000001     (.common:Lcd_FlagRead)
                  2000d157    00000001     (.common:Lcd_FontSolid)
                  2000d158    00000001     (.common:Lcd_Orientation)
                  2000d159    00000001     (.common:Lcd_PenSolid)

.stack     0    2000d160    00000800     UNINITIALIZED
                  2000d160    00000004     rtsv7M4_T_le_v4SPD16_eabi.lib : boot_cortex_m.c.obj (.stack)
                  2000d164    000007fc     --HOLE--

__llvm_prf_cnts 
*          0    20000000    00000000     UNINITIALIZED

MODULE SUMMARY

       Module                                             code    ro data   rw data
       ------                                             ----    -------   -------
    .\
       main.obj                                           512     8         56     
       startup_ccs.obj                                    12      512       0      
    +--+--------------------------------------------------+-------+---------+---------+
       Total:                                             524     520       56     
                                                                                   
    .\FreeRTOS\
       tasks.obj                                          9312    4         480    
       list.obj                                           304     0         0      
    +--+--------------------------------------------------+-------+---------+---------+
       Total:                                             9616    4         480    
                                                                                   
    .\FreeRTOS\portable\CCS\ARM_CM4F\
       port.obj                                           316     4         4      
       portasm.obj                                        218     0         0      
    +--+--------------------------------------------------+-------+---------+---------+
       Total:                                             534     4         4      
                                                                                   
    .\FreeRTOS\portable\MemMang\
       heap_4.obj                                         1056    0         20268  
    +--+--------------------------------------------------+-------+---------+---------+
       Total:                                             1056    0         20268  
                                                                                   
    .\libraries\display\
       Crystalfontz128x128_ST7735.obj                     1508    40        32778  
       HAL_EK_TM4C1294XL_Crystalfontz128x128_ST7735.obj   324     0         0      
    +--+--------------------------------------------------+-------+---------+---------+
       Total:                                             1832    40        32778  
                                                                                   
    C:/ti/TivaWare_C_Series-2.2.0.295/driverlib/ccs/Debug/driverlib.lib
       sysctl.obj                                         674     596       0      
       gpio.obj                                           538     144       0      
       ssi.obj                                            88      0         0      
       fpu.obj                                            32      0         0      
       interrupt.obj                                      32      0         0      
       cpu.obj                                            24      0         0      
    +--+--------------------------------------------------+-------+---------+---------+
       Total:                                             1388    740       0      
                                                                                   
    C:/ti/TivaWare_C_Series-2.2.0.295/grlib/ccs/Debug/grlib.lib
       string.obj                                         1334    0         0      
       fontfixed6x8.obj                                   0       960       0      
       rectangle.obj                                      134     0         0      
       context.obj                                        104     16        4      
       charmap.obj                                        8       0         0      
    +--+--------------------------------------------------+-------+---------+---------+
       Total:                                             1580    976       4      
                                                                                   
    C:\ti\ccs1281\ccs\tools\compiler\ti-cgt-arm_20.2.7.LTS\lib\rtsv7M4_T_le_v4SPD16_eabi.lib
       _printfi.c.obj                                     4851    0         0      
       fd_add_t2.asm.obj                                  438     0         0      
       fd_div_t2.asm.obj                                  310     0         0      
       s_scalbn.c.obj                                     272     0         0      
       fd_cmp_t2.asm.obj                                  268     0         0      
       ctype.c.obj                                        0       257       0      
       fd_mul_t2.asm.obj                                  252     0         0      
       memcpy_t2.asm.obj                                  156     0         0      
       ull_div_t2.asm.obj                                 150     0         0      
       snprintf.c.obj                                     148     0         0      
       memset_t2.asm.obj                                  122     0         0      
       copy_decompress_lzss.c.obj                         104     0         0      
       s_frexp.c.obj                                      100     0         0      
       _ltoa.c.obj                                        84      0         0      
       atoi.c.obj                                         76      0         0      
       fd_toi_t2.asm.obj                                  72      0         0      
       autoinit.c.obj                                     68      0         0      
       boot_cortex_m.c.obj                                52      0         0      
       i_tofd_t2.asm.obj                                  46      0         0      
       memccpy.c.obj                                      28      0         0      
       s_copysign.c.obj                                   26      0         0      
       strchr.c.obj                                       22      0         0      
       strlen.c.obj                                       20      0         0      
       wcslen.c.obj                                       18      0         0      
       copy_decompress_none.c.obj                         14      0         0      
       copy_zero_init.c.obj                               12      0         0      
       errno.c.obj                                        8       0         4      
       exit.c.obj                                         4       0         0      
       pre_init.c.obj                                     4       0         0      
       div0.asm.obj                                       2       0         0      
    +--+--------------------------------------------------+-------+---------+---------+
       Total:                                             7727    257       4      
                                                                                   
       Stack:                                             0       0         2048   
       Linker Generated:                                  0       60        0      
    +--+--------------------------------------------------+-------+---------+---------+
       Grand Total:                                       24257   2601      55642  


LINKER GENERATED COPY TABLES

__TI_cinit_table @ 000068f8 records: 2, size/record: 8, table size: 16
	.data: load addr=000068c8, load size=00000018 bytes, run addr=20000000, run size=00008058 bytes, compression=lzss
	.bss: load addr=000068f0, load size=00000008 bytes, run addr=20008058, run size=00005102 bytes, compression=zero_init


LINKER GENERATED HANDLER TABLE

__TI_handler_table @ 000068e0 records: 3, size/record: 4, table size: 12
	index: 0, handler: __TI_decompress_lzss
	index: 1, handler: __TI_decompress_none
	index: 2, handler: __TI_zero_init


GLOBAL SYMBOLS: SORTED ALPHABETICALLY BY Name 

address   name                               
-------   ----                               
000060d3  C$$EXIT                            
0000605f  CPUcpsid                           
0000606b  CPUcpsie                           
000030b1  Crystalfontz128x128_Init           
00003157  Crystalfontz128x128_SetDrawFrame   
00003233  Crystalfontz128x128_SetOrientation 
00006011  FPUEnable                          
00006021  FPULazyStackingEnable              
00005e61  GPIODirModeSet                     
00004701  GPIOPadConfigSet                   
00005ab1  GPIOPinConfigure                   
00005f5b  GPIOPinTypeGPIOOutput              
00005fa7  GPIOPinTypeSSI                     
000060bd  GPIOPinWrite                       
000060c3  GrContextFontSet                   
000057bd  GrContextInit                      
0000529b  GrDefaultStringRenderer            
00005e8d  GrFontBaselineGet                  
00005f21  GrFontCodepageGet                  
00005edf  GrFontGlyphDataGet                 
00003d25  GrFontGlyphRender                  
00005eb9  GrFontInfoGet                      
000060a3  GrMapISO8859_1_Unicode             
00005541  GrRectFill                         
00005fbd  GrStringDraw                       
00005e05  GrStringNextCharGet                
00005825  GrStringWidthGet                   
0000486d  HAL_LCD_PortInit                   
000048c3  HAL_LCD_SpiInit                    
0000491d  HAL_LCD_writeCommand               
00004957  HAL_LCD_writeData                  
00006031  IntMasterDisable                   
00006041  IntMasterEnable                    
2000d156  Lcd_FlagRead                       
2000d157  Lcd_FontSolid                      
2000d158  Lcd_Orientation                    
2000d159  Lcd_PenSolid                       
2000d150  Lcd_ScreenHeigth                   
2000d152  Lcd_ScreenWidth                    
2000d154  Lcd_TouchTrim                      
20000000  Lcd_buffer                         
00006083  ResetISR                           
000060ab  SSIBusy                            
00005d2f  SSIConfigSetExpClk                 
0000608f  SSIDataPut                         
00006099  SSIEnable                          
00003f79  SysCtlClockFreqSet                 
000060c9  SysCtlDelay                        
00005d6d  SysCtlPeripheralEnable             
00004179  _Z11displayTaskPv                  
00004247  _Z9timerTaskPv                     
2000d960  __STACK_END                        
00000800  __STACK_SIZE                       
2000d360  __STACK_TOP                        
000068f8  __TI_CINIT_Base                    
00006908  __TI_CINIT_Limit                   
000068e0  __TI_Handler_Table_Base            
000068ec  __TI_Handler_Table_Limit           
00005c71  __TI_auto_init_nobinit_nopinit     
0000588d  __TI_decompress_lzss               
00006051  __TI_decompress_none               
00005a09  __TI_ltoa                          
ffffffff  __TI_pprof_out_hndl                
00002661  __TI_printfi                       
ffffffff  __TI_prof_data_size                
ffffffff  __TI_prof_data_start               
00000000  __TI_static_base__                 
00006077  __TI_zero_init                     
000055c7  __aeabi_cdcmpeq                    
000055c7  __aeabi_cdcmple                    
0000564d  __aeabi_cdrcmple                   
00005c29  __aeabi_d2iz                       
00004553  __aeabi_dadd                       
00004c29  __aeabi_ddiv                       
000050c5  __aeabi_dmul                       
00004549  __aeabi_dsub                       
000060b5  __aeabi_errno_addr                 
00005e33  __aeabi_i2d                        
000030af  __aeabi_idiv0                      
000030af  __aeabi_ldiv0                      
000056d3  __aeabi_memclr                     
000056d3  __aeabi_memclr4                    
000056d3  __aeabi_memclr8                    
0000540f  __aeabi_memcpy                     
0000540f  __aeabi_memcpy4                    
0000540f  __aeabi_memcpy8                    
000056d5  __aeabi_memset                     
000056d5  __aeabi_memset4                    
000056d5  __aeabi_memset8                    
000054ab  __aeabi_uldivmod                   
ffffffff  __binit__                          
ffffffff  __c_args__                         
UNDEFED   __mpu_init                         
2000d160  __stack                            
20000000  __start___llvm_prf_cnts            
20000000  __stop___llvm_prf_cnts             
00005da1  _c_int00_noargs                    
00006580  _ctypes_                           
UNDEFED   _system_post_cinit                 
000060cf  _system_pre_init                   
000060d3  abort                              
00005afd  atoi                               
ffffffff  binit                              
00005f75  copysign                           
00005f75  copysignl                          
00000621  eTaskGetState                      
20008050  errno                              
000058f5  frexp                              
000058f5  frexpl                             
2000d0a8  gContext                           
20008048  gStopwatchMs                       
00000000  g_pfnVectors                       
000068a0  g_psDefaultCodePointMapTable       
00006878  g_sCrystalfontz128x128             
00006684  g_sFontFixed6x8                    
20008040  hours                              
00004fb5  ldexp                              
00004fb5  ldexpl                             
000042b1  main                               
00005f3f  memccpy                            
0000540f  memcpy                             
000056db  memset                             
20008044  milliseconds                       
20008041  minutes                            
00000f73  pcTaskGetName                      
00003841  pvPortCalloc                       
00003695  pvPortMalloc                       
00001d89  pvTaskIncrementMutexHeldCount      
20008000  pxCurrentTCB                       
00004aed  pxPortInitialiseStack              
00004fb5  scalbn                             
00004fb5  scalbnl                            
20008042  seconds                            
00005b49  snprintf                           
00005fd3  strchr                             
00005fe9  strlen                             
000068c0  ulMaxSyscallInterruptPriority      
000051d1  ulPortGetIPSR                      
00001da5  ulTaskGenericNotifyTake            
0000248b  ulTaskGenericNotifyValueClear      
00004e45  uxListRemove                       
00000751  uxTaskBasePriorityGet              
0000077d  uxTaskBasePriorityGetFromISR       
00000f6d  uxTaskGetNumberOfTasks             
00001981  uxTaskGetStackHighWaterMark        
00000fa5  uxTaskGetSystemState               
000016e1  uxTaskGetTaskNumber                
000006f3  uxTaskPriorityGet                  
00000717  uxTaskPriorityGetFromISR           
00001d61  uxTaskResetEventItemValue          
00004d5f  vListInitialise                    
00004d8f  vListInitialiseItem                
00004ddd  vListInsert                        
00004d9f  vListInsertEnd                     
0000528d  vPortEnableVFP                     
00004b8d  vPortEndScheduler                  
00004b8f  vPortEnterCritical                 
00004baf  vPortExitCritical                  
000037d9  vPortFree                          
000039cd  vPortGetHeapStats                  
00003a73  vPortHeapResetState                
0000383f  vPortInitialiseBlocks              
00005249  vPortSVCHandler                    
00004beb  vPortSetupTimerInterrupt           
00005269  vPortStartFirstTask                
000005c9  vTaskDelay                         
00000465  vTaskDelete                        
00000d1f  vTaskEndScheduler                  
000022d1  vTaskGenericNotifyGiveFromISR      
000017d9  vTaskGetInfo                       
00001635  vTaskInternalSetTimeOutState       
000016d9  vTaskMissedYield                   
000012f1  vTaskPlaceOnEventList              
00001315  vTaskPlaceOnUnorderedEventList     
00001c49  vTaskPriorityDisinheritAfterTimeout
000007cd  vTaskPrioritySet                   
000014fd  vTaskRemoveFromUnorderedEventList  
000025ad  vTaskResetState                    
00000a9b  vTaskResume                        
00001701  vTaskSetTaskNumber                 
00001617  vTaskSetTimeOutState               
00000ce5  vTaskStartScheduler                
00000943  vTaskSuspend                       
00000d61  vTaskSuspendAll                    
00001289  vTaskSwitchContext                 
00005ffd  wcslen                             
00003833  xPortGetFreeHeapSize               
00003839  xPortGetMinimumEverFreeHeapSize    
000051e9  xPortPendSVHandler                 
00004b57  xPortStartScheduler                
00004bc5  xPortSysTickHandler                
0000107d  xTaskCatchUpTicks                  
00001655  xTaskCheckForTimeOut               
0000026d  xTaskCreate                        
00000539  xTaskDelayUntil                    
00001f55  xTaskGenericNotify                 
000020e1  xTaskGenericNotifyFromISR          
00002441  xTaskGenericNotifyStateClear       
00001e65  xTaskGenericNotifyWait             
000019fd  xTaskGetCurrentTaskHandle          
00001a21  xTaskGetCurrentTaskHandleForCore   
00000f41  xTaskGetTickCount                  
00000f55  xTaskGetTickCountFromISR           
000010b9  xTaskIncrementTick                 
00001b65  xTaskPriorityDisinherit            
00001a4b  xTaskPriorityInherit               
00001385  xTaskRemoveFromEventList           
00000d7d  xTaskResumeAll                     
00000b79  xTaskResumeFromISR                 


GLOBAL SYMBOLS: SORTED BY Symbol Address 

address   name                               
-------   ----                               
00000000  __TI_static_base__                 
00000000  g_pfnVectors                       
0000026d  xTaskCreate                        
00000465  vTaskDelete                        
00000539  xTaskDelayUntil                    
000005c9  vTaskDelay                         
00000621  eTaskGetState                      
000006f3  uxTaskPriorityGet                  
00000717  uxTaskPriorityGetFromISR           
00000751  uxTaskBasePriorityGet              
0000077d  uxTaskBasePriorityGetFromISR       
000007cd  vTaskPrioritySet                   
00000800  __STACK_SIZE                       
00000943  vTaskSuspend                       
00000a9b  vTaskResume                        
00000b79  xTaskResumeFromISR                 
00000ce5  vTaskStartScheduler                
00000d1f  vTaskEndScheduler                  
00000d61  vTaskSuspendAll                    
00000d7d  xTaskResumeAll                     
00000f41  xTaskGetTickCount                  
00000f55  xTaskGetTickCountFromISR           
00000f6d  uxTaskGetNumberOfTasks             
00000f73  pcTaskGetName                      
00000fa5  uxTaskGetSystemState               
0000107d  xTaskCatchUpTicks                  
000010b9  xTaskIncrementTick                 
00001289  vTaskSwitchContext                 
000012f1  vTaskPlaceOnEventList              
00001315  vTaskPlaceOnUnorderedEventList     
00001385  xTaskRemoveFromEventList           
000014fd  vTaskRemoveFromUnorderedEventList  
00001617  vTaskSetTimeOutState               
00001635  vTaskInternalSetTimeOutState       
00001655  xTaskCheckForTimeOut               
000016d9  vTaskMissedYield                   
000016e1  uxTaskGetTaskNumber                
00001701  vTaskSetTaskNumber                 
000017d9  vTaskGetInfo                       
00001981  uxTaskGetStackHighWaterMark        
000019fd  xTaskGetCurrentTaskHandle          
00001a21  xTaskGetCurrentTaskHandleForCore   
00001a4b  xTaskPriorityInherit               
00001b65  xTaskPriorityDisinherit            
00001c49  vTaskPriorityDisinheritAfterTimeout
00001d61  uxTaskResetEventItemValue          
00001d89  pvTaskIncrementMutexHeldCount      
00001da5  ulTaskGenericNotifyTake            
00001e65  xTaskGenericNotifyWait             
00001f55  xTaskGenericNotify                 
000020e1  xTaskGenericNotifyFromISR          
000022d1  vTaskGenericNotifyGiveFromISR      
00002441  xTaskGenericNotifyStateClear       
0000248b  ulTaskGenericNotifyValueClear      
000025ad  vTaskResetState                    
00002661  __TI_printfi                       
000030af  __aeabi_idiv0                      
000030af  __aeabi_ldiv0                      
000030b1  Crystalfontz128x128_Init           
00003157  Crystalfontz128x128_SetDrawFrame   
00003233  Crystalfontz128x128_SetOrientation 
00003695  pvPortMalloc                       
000037d9  vPortFree                          
00003833  xPortGetFreeHeapSize               
00003839  xPortGetMinimumEverFreeHeapSize    
0000383f  vPortInitialiseBlocks              
00003841  pvPortCalloc                       
000039cd  vPortGetHeapStats                  
00003a73  vPortHeapResetState                
00003d25  GrFontGlyphRender                  
00003f79  SysCtlClockFreqSet                 
00004179  _Z11displayTaskPv                  
00004247  _Z9timerTaskPv                     
000042b1  main                               
00004549  __aeabi_dsub                       
00004553  __aeabi_dadd                       
00004701  GPIOPadConfigSet                   
0000486d  HAL_LCD_PortInit                   
000048c3  HAL_LCD_SpiInit                    
0000491d  HAL_LCD_writeCommand               
00004957  HAL_LCD_writeData                  
00004aed  pxPortInitialiseStack              
00004b57  xPortStartScheduler                
00004b8d  vPortEndScheduler                  
00004b8f  vPortEnterCritical                 
00004baf  vPortExitCritical                  
00004bc5  xPortSysTickHandler                
00004beb  vPortSetupTimerInterrupt           
00004c29  __aeabi_ddiv                       
00004d5f  vListInitialise                    
00004d8f  vListInitialiseItem                
00004d9f  vListInsertEnd                     
00004ddd  vListInsert                        
00004e45  uxListRemove                       
00004fb5  ldexp                              
00004fb5  ldexpl                             
00004fb5  scalbn                             
00004fb5  scalbnl                            
000050c5  __aeabi_dmul                       
000051d1  ulPortGetIPSR                      
000051e9  xPortPendSVHandler                 
00005249  vPortSVCHandler                    
00005269  vPortStartFirstTask                
0000528d  vPortEnableVFP                     
0000529b  GrDefaultStringRenderer            
0000540f  __aeabi_memcpy                     
0000540f  __aeabi_memcpy4                    
0000540f  __aeabi_memcpy8                    
0000540f  memcpy                             
000054ab  __aeabi_uldivmod                   
00005541  GrRectFill                         
000055c7  __aeabi_cdcmpeq                    
000055c7  __aeabi_cdcmple                    
0000564d  __aeabi_cdrcmple                   
000056d3  __aeabi_memclr                     
000056d3  __aeabi_memclr4                    
000056d3  __aeabi_memclr8                    
000056d5  __aeabi_memset                     
000056d5  __aeabi_memset4                    
000056d5  __aeabi_memset8                    
000056db  memset                             
000057bd  GrContextInit                      
00005825  GrStringWidthGet                   
0000588d  __TI_decompress_lzss               
000058f5  frexp                              
000058f5  frexpl                             
00005a09  __TI_ltoa                          
00005ab1  GPIOPinConfigure                   
00005afd  atoi                               
00005b49  snprintf                           
00005c29  __aeabi_d2iz                       
00005c71  __TI_auto_init_nobinit_nopinit     
00005d2f  SSIConfigSetExpClk                 
00005d6d  SysCtlPeripheralEnable             
00005da1  _c_int00_noargs                    
00005e05  GrStringNextCharGet                
00005e33  __aeabi_i2d                        
00005e61  GPIODirModeSet                     
00005e8d  GrFontBaselineGet                  
00005eb9  GrFontInfoGet                      
00005edf  GrFontGlyphDataGet                 
00005f21  GrFontCodepageGet                  
00005f3f  memccpy                            
00005f5b  GPIOPinTypeGPIOOutput              
00005f75  copysign                           
00005f75  copysignl                          
00005fa7  GPIOPinTypeSSI                     
00005fbd  GrStringDraw                       
00005fd3  strchr                             
00005fe9  strlen                             
00005ffd  wcslen                             
00006011  FPUEnable                          
00006021  FPULazyStackingEnable              
00006031  IntMasterDisable                   
00006041  IntMasterEnable                    
00006051  __TI_decompress_none               
0000605f  CPUcpsid                           
0000606b  CPUcpsie                           
00006077  __TI_zero_init                     
00006083  ResetISR                           
0000608f  SSIDataPut                         
00006099  SSIEnable                          
000060a3  GrMapISO8859_1_Unicode             
000060ab  SSIBusy                            
000060b5  __aeabi_errno_addr                 
000060bd  GPIOPinWrite                       
000060c3  GrContextFontSet                   
000060c9  SysCtlDelay                        
000060cf  _system_pre_init                   
000060d3  C$$EXIT                            
000060d3  abort                              
00006580  _ctypes_                           
00006684  g_sFontFixed6x8                    
00006878  g_sCrystalfontz128x128             
000068a0  g_psDefaultCodePointMapTable       
000068c0  ulMaxSyscallInterruptPriority      
000068e0  __TI_Handler_Table_Base            
000068ec  __TI_Handler_Table_Limit           
000068f8  __TI_CINIT_Base                    
00006908  __TI_CINIT_Limit                   
20000000  Lcd_buffer                         
20000000  __start___llvm_prf_cnts            
20000000  __stop___llvm_prf_cnts             
20008000  pxCurrentTCB                       
20008040  hours                              
20008041  minutes                            
20008042  seconds                            
20008044  milliseconds                       
20008048  gStopwatchMs                       
20008050  errno                              
2000d0a8  gContext                           
2000d150  Lcd_ScreenHeigth                   
2000d152  Lcd_ScreenWidth                    
2000d154  Lcd_TouchTrim                      
2000d156  Lcd_FlagRead                       
2000d157  Lcd_FontSolid                      
2000d158  Lcd_Orientation                    
2000d159  Lcd_PenSolid                       
2000d160  __stack                            
2000d360  __STACK_TOP                        
2000d960  __STACK_END                        
ffffffff  __TI_pprof_out_hndl                
ffffffff  __TI_prof_data_size                
ffffffff  __TI_prof_data_start               
ffffffff  __binit__                          
ffffffff  __c_args__                         
ffffffff  binit                              
UNDEFED   __mpu_init                         
UNDEFED   _system_post_cinit                 

[209 symbols]
