<?xml version="1.0" encoding="ISO-8859-1" ?>
<link_info>
   <banner>TI ARM Linker PC v20.2.7.LTS</banner>
   <copyright>Copyright (c) 1996-2018 Texas Instruments Incorporated</copyright>
   <link_time>0x690b6c3c</link_time>
   <link_errors>0x0</link_errors>
   <output_file>Kyle_Berkof_Huy_Le_Lab2.out</output_file>
   <entry_point>
      <name>_c_int00_noargs</name>
      <address>0x5da1</address>
   </entry_point>
   <input_file_list>
      <input_file id="fl-2">
         <path>.\</path>
         <kind>object</kind>
         <file>main.obj</file>
         <name>main.obj</name>
      </input_file>
      <input_file id="fl-3">
         <path>.\</path>
         <kind>object</kind>
         <file>startup_ccs.obj</file>
         <name>startup_ccs.obj</name>
      </input_file>
      <input_file id="fl-4">
         <path>.\FreeRTOS\</path>
         <kind>object</kind>
         <file>croutine.obj</file>
         <name>croutine.obj</name>
      </input_file>
      <input_file id="fl-5">
         <path>.\FreeRTOS\</path>
         <kind>object</kind>
         <file>event_groups.obj</file>
         <name>event_groups.obj</name>
      </input_file>
      <input_file id="fl-6">
         <path>.\FreeRTOS\</path>
         <kind>object</kind>
         <file>list.obj</file>
         <name>list.obj</name>
      </input_file>
      <input_file id="fl-7">
         <path>.\FreeRTOS\</path>
         <kind>object</kind>
         <file>queue.obj</file>
         <name>queue.obj</name>
      </input_file>
      <input_file id="fl-8">
         <path>.\FreeRTOS\</path>
         <kind>object</kind>
         <file>stream_buffer.obj</file>
         <name>stream_buffer.obj</name>
      </input_file>
      <input_file id="fl-9">
         <path>.\FreeRTOS\</path>
         <kind>object</kind>
         <file>tasks.obj</file>
         <name>tasks.obj</name>
      </input_file>
      <input_file id="fl-a">
         <path>.\FreeRTOS\</path>
         <kind>object</kind>
         <file>timers.obj</file>
         <name>timers.obj</name>
      </input_file>
      <input_file id="fl-b">
         <path>.\FreeRTOS\portable\CCS\ARM_CM4F\</path>
         <kind>object</kind>
         <file>port.obj</file>
         <name>port.obj</name>
      </input_file>
      <input_file id="fl-c">
         <path>.\FreeRTOS\portable\CCS\ARM_CM4F\</path>
         <kind>object</kind>
         <file>portasm.obj</file>
         <name>portasm.obj</name>
      </input_file>
      <input_file id="fl-d">
         <path>.\FreeRTOS\portable\MemMang\</path>
         <kind>object</kind>
         <file>heap_4.obj</file>
         <name>heap_4.obj</name>
      </input_file>
      <input_file id="fl-e">
         <path>.\libraries\OPT3001\</path>
         <kind>object</kind>
         <file>OPT3001.obj</file>
         <name>OPT3001.obj</name>
      </input_file>
      <input_file id="fl-f">
         <path>.\libraries\buttonsDriver\</path>
         <kind>object</kind>
         <file>button.obj</file>
         <name>button.obj</name>
      </input_file>
      <input_file id="fl-10">
         <path>.\libraries\display\</path>
         <kind>object</kind>
         <file>Crystalfontz128x128_ST7735.obj</file>
         <name>Crystalfontz128x128_ST7735.obj</name>
      </input_file>
      <input_file id="fl-11">
         <path>.\libraries\display\</path>
         <kind>object</kind>
         <file>HAL_EK_TM4C1294XL_Crystalfontz128x128_ST7735.obj</file>
         <name>HAL_EK_TM4C1294XL_Crystalfontz128x128_ST7735.obj</name>
      </input_file>
      <input_file id="fl-12">
         <path>.\libraries\joystickDriver\</path>
         <kind>object</kind>
         <file>joystick.obj</file>
         <name>joystick.obj</name>
      </input_file>
      <input_file id="fl-13">
         <path>.\libraries\</path>
         <kind>object</kind>
         <file>sysctl_pll.obj</file>
         <name>sysctl_pll.obj</name>
      </input_file>
      <input_file id="fl-14">
         <path>.\libraries\timerLib\</path>
         <kind>object</kind>
         <file>timerLib.obj</file>
         <name>timerLib.obj</name>
      </input_file>
      <input_file id="fl-1a">
         <kind>object</kind>
         <file>&lt;internal&gt;</file>
         <name>&lt;internal&gt;</name>
      </input_file>
      <input_file id="fl-d0">
         <path>C:\ti\ccs1281\ccs\tools\compiler\ti-cgt-arm_20.2.7.LTS\lib\</path>
         <kind>archive</kind>
         <file>rtsv7M4_T_le_v4SPD16_eabi.lib</file>
         <name>e_atan2f.c.obj</name>
      </input_file>
      <input_file id="fl-d1">
         <path>C:\ti\ccs1281\ccs\tools\compiler\ti-cgt-arm_20.2.7.LTS\lib\</path>
         <kind>archive</kind>
         <file>rtsv7M4_T_le_v4SPD16_eabi.lib</file>
         <name>e_sqrtf.c.obj</name>
      </input_file>
      <input_file id="fl-d2">
         <path>C:\ti\ccs1281\ccs\tools\compiler\ti-cgt-arm_20.2.7.LTS\lib\</path>
         <kind>archive</kind>
         <file>rtsv7M4_T_le_v4SPD16_eabi.lib</file>
         <name>s_atanf.c.obj</name>
      </input_file>
      <input_file id="fl-d3">
         <path>C:\ti\ccs1281\ccs\tools\compiler\ti-cgt-arm_20.2.7.LTS\lib\</path>
         <kind>archive</kind>
         <file>rtsv7M4_T_le_v4SPD16_eabi.lib</file>
         <name>s_floorf.c.obj</name>
      </input_file>
      <input_file id="fl-d4">
         <path>C:\ti\ccs1281\ccs\tools\compiler\ti-cgt-arm_20.2.7.LTS\lib\</path>
         <kind>archive</kind>
         <file>rtsv7M4_T_le_v4SPD16_eabi.lib</file>
         <name>snprintf.c.obj</name>
      </input_file>
      <input_file id="fl-d5">
         <path>C:\ti\ccs1281\ccs\tools\compiler\ti-cgt-arm_20.2.7.LTS\lib\</path>
         <kind>archive</kind>
         <file>rtsv7M4_T_le_v4SPD16_eabi.lib</file>
         <name>memcpy_t2.asm.obj</name>
      </input_file>
      <input_file id="fl-d6">
         <path>C:\ti\ccs1281\ccs\tools\compiler\ti-cgt-arm_20.2.7.LTS\lib\</path>
         <kind>archive</kind>
         <file>rtsv7M4_T_le_v4SPD16_eabi.lib</file>
         <name>memset_t2.asm.obj</name>
      </input_file>
      <input_file id="fl-d7">
         <path>C:\ti\ccs1281\ccs\tools\compiler\ti-cgt-arm_20.2.7.LTS\lib\</path>
         <kind>archive</kind>
         <file>rtsv7M4_T_le_v4SPD16_eabi.lib</file>
         <name>ull_div_t2.asm.obj</name>
      </input_file>
      <input_file id="fl-d8">
         <path>C:\ti\ccs1281\ccs\tools\compiler\ti-cgt-arm_20.2.7.LTS\lib\</path>
         <kind>archive</kind>
         <file>rtsv7M4_T_le_v4SPD16_eabi.lib</file>
         <name>copy_zero_init.c.obj</name>
      </input_file>
      <input_file id="fl-d9">
         <path>C:\ti\ccs1281\ccs\tools\compiler\ti-cgt-arm_20.2.7.LTS\lib\</path>
         <kind>archive</kind>
         <file>rtsv7M4_T_le_v4SPD16_eabi.lib</file>
         <name>copy_decompress_none.c.obj</name>
      </input_file>
      <input_file id="fl-da">
         <path>C:\ti\ccs1281\ccs\tools\compiler\ti-cgt-arm_20.2.7.LTS\lib\</path>
         <kind>archive</kind>
         <file>rtsv7M4_T_le_v4SPD16_eabi.lib</file>
         <name>copy_decompress_lzss.c.obj</name>
      </input_file>
      <input_file id="fl-db">
         <path>C:\ti\ccs1281\ccs\tools\compiler\ti-cgt-arm_20.2.7.LTS\lib\</path>
         <kind>archive</kind>
         <file>rtsv7M4_T_le_v4SPD16_eabi.lib</file>
         <name>boot_cortex_m.c.obj</name>
      </input_file>
      <input_file id="fl-dc">
         <path>C:\ti\ccs1281\ccs\tools\compiler\ti-cgt-arm_20.2.7.LTS\lib\</path>
         <kind>archive</kind>
         <file>rtsv7M4_T_le_v4SPD16_eabi.lib</file>
         <name>errno.c.obj</name>
      </input_file>
      <input_file id="fl-dd">
         <path>C:\ti\ccs1281\ccs\tools\compiler\ti-cgt-arm_20.2.7.LTS\lib\</path>
         <kind>archive</kind>
         <file>rtsv7M4_T_le_v4SPD16_eabi.lib</file>
         <name>_printfi.c.obj</name>
      </input_file>
      <input_file id="fl-de">
         <path>C:\ti\ccs1281\ccs\tools\compiler\ti-cgt-arm_20.2.7.LTS\lib\</path>
         <kind>archive</kind>
         <file>rtsv7M4_T_le_v4SPD16_eabi.lib</file>
         <name>div0.asm.obj</name>
      </input_file>
      <input_file id="fl-df">
         <path>C:\ti\ccs1281\ccs\tools\compiler\ti-cgt-arm_20.2.7.LTS\lib\</path>
         <kind>archive</kind>
         <file>rtsv7M4_T_le_v4SPD16_eabi.lib</file>
         <name>fd_add_t2.asm.obj</name>
      </input_file>
      <input_file id="fl-e0">
         <path>C:\ti\ccs1281\ccs\tools\compiler\ti-cgt-arm_20.2.7.LTS\lib\</path>
         <kind>archive</kind>
         <file>rtsv7M4_T_le_v4SPD16_eabi.lib</file>
         <name>fd_cmp_t2.asm.obj</name>
      </input_file>
      <input_file id="fl-e1">
         <path>C:\ti\ccs1281\ccs\tools\compiler\ti-cgt-arm_20.2.7.LTS\lib\</path>
         <kind>archive</kind>
         <file>rtsv7M4_T_le_v4SPD16_eabi.lib</file>
         <name>fd_div_t2.asm.obj</name>
      </input_file>
      <input_file id="fl-e2">
         <path>C:\ti\ccs1281\ccs\tools\compiler\ti-cgt-arm_20.2.7.LTS\lib\</path>
         <kind>archive</kind>
         <file>rtsv7M4_T_le_v4SPD16_eabi.lib</file>
         <name>fd_mul_t2.asm.obj</name>
      </input_file>
      <input_file id="fl-e3">
         <path>C:\ti\ccs1281\ccs\tools\compiler\ti-cgt-arm_20.2.7.LTS\lib\</path>
         <kind>archive</kind>
         <file>rtsv7M4_T_le_v4SPD16_eabi.lib</file>
         <name>fd_toi_t2.asm.obj</name>
      </input_file>
      <input_file id="fl-e4">
         <path>C:\ti\ccs1281\ccs\tools\compiler\ti-cgt-arm_20.2.7.LTS\lib\</path>
         <kind>archive</kind>
         <file>rtsv7M4_T_le_v4SPD16_eabi.lib</file>
         <name>i_tofd_t2.asm.obj</name>
      </input_file>
      <input_file id="fl-e5">
         <path>C:\ti\ccs1281\ccs\tools\compiler\ti-cgt-arm_20.2.7.LTS\lib\</path>
         <kind>archive</kind>
         <file>rtsv7M4_T_le_v4SPD16_eabi.lib</file>
         <name>autoinit.c.obj</name>
      </input_file>
      <input_file id="fl-e6">
         <path>C:\ti\ccs1281\ccs\tools\compiler\ti-cgt-arm_20.2.7.LTS\lib\</path>
         <kind>archive</kind>
         <file>rtsv7M4_T_le_v4SPD16_eabi.lib</file>
         <name>pre_init.c.obj</name>
      </input_file>
      <input_file id="fl-e7">
         <path>C:\ti\ccs1281\ccs\tools\compiler\ti-cgt-arm_20.2.7.LTS\lib\</path>
         <kind>archive</kind>
         <file>rtsv7M4_T_le_v4SPD16_eabi.lib</file>
         <name>cpy_tbl.c.obj</name>
      </input_file>
      <input_file id="fl-e8">
         <path>C:\ti\ccs1281\ccs\tools\compiler\ti-cgt-arm_20.2.7.LTS\lib\</path>
         <kind>archive</kind>
         <file>rtsv7M4_T_le_v4SPD16_eabi.lib</file>
         <name>exit.c.obj</name>
      </input_file>
      <input_file id="fl-e9">
         <path>C:\ti\ccs1281\ccs\tools\compiler\ti-cgt-arm_20.2.7.LTS\lib\</path>
         <kind>archive</kind>
         <file>rtsv7M4_T_le_v4SPD16_eabi.lib</file>
         <name>_lock.c.obj</name>
      </input_file>
      <input_file id="fl-ea">
         <path>C:\ti\ccs1281\ccs\tools\compiler\ti-cgt-arm_20.2.7.LTS\lib\</path>
         <kind>archive</kind>
         <file>rtsv7M4_T_le_v4SPD16_eabi.lib</file>
         <name>_ltoa.c.obj</name>
      </input_file>
      <input_file id="fl-eb">
         <path>C:\ti\ccs1281\ccs\tools\compiler\ti-cgt-arm_20.2.7.LTS\lib\</path>
         <kind>archive</kind>
         <file>rtsv7M4_T_le_v4SPD16_eabi.lib</file>
         <name>args_main.c.obj</name>
      </input_file>
      <input_file id="fl-ec">
         <path>C:\ti\ccs1281\ccs\tools\compiler\ti-cgt-arm_20.2.7.LTS\lib\</path>
         <kind>archive</kind>
         <file>rtsv7M4_T_le_v4SPD16_eabi.lib</file>
         <name>atoi.c.obj</name>
      </input_file>
      <input_file id="fl-ed">
         <path>C:\ti\ccs1281\ccs\tools\compiler\ti-cgt-arm_20.2.7.LTS\lib\</path>
         <kind>archive</kind>
         <file>rtsv7M4_T_le_v4SPD16_eabi.lib</file>
         <name>ctype.c.obj</name>
      </input_file>
      <input_file id="fl-ee">
         <path>C:\ti\ccs1281\ccs\tools\compiler\ti-cgt-arm_20.2.7.LTS\lib\</path>
         <kind>archive</kind>
         <file>rtsv7M4_T_le_v4SPD16_eabi.lib</file>
         <name>memccpy.c.obj</name>
      </input_file>
      <input_file id="fl-ef">
         <path>C:\ti\ccs1281\ccs\tools\compiler\ti-cgt-arm_20.2.7.LTS\lib\</path>
         <kind>archive</kind>
         <file>rtsv7M4_T_le_v4SPD16_eabi.lib</file>
         <name>strchr.c.obj</name>
      </input_file>
      <input_file id="fl-f0">
         <path>C:\ti\ccs1281\ccs\tools\compiler\ti-cgt-arm_20.2.7.LTS\lib\</path>
         <kind>archive</kind>
         <file>rtsv7M4_T_le_v4SPD16_eabi.lib</file>
         <name>strlen.c.obj</name>
      </input_file>
      <input_file id="fl-f1">
         <path>C:\ti\ccs1281\ccs\tools\compiler\ti-cgt-arm_20.2.7.LTS\lib\</path>
         <kind>archive</kind>
         <file>rtsv7M4_T_le_v4SPD16_eabi.lib</file>
         <name>wcslen.c.obj</name>
      </input_file>
      <input_file id="fl-f2">
         <path>C:\ti\ccs1281\ccs\tools\compiler\ti-cgt-arm_20.2.7.LTS\lib\</path>
         <kind>archive</kind>
         <file>rtsv7M4_T_le_v4SPD16_eabi.lib</file>
         <name>s_frexp.c.obj</name>
      </input_file>
      <input_file id="fl-f3">
         <path>C:\ti\ccs1281\ccs\tools\compiler\ti-cgt-arm_20.2.7.LTS\lib\</path>
         <kind>archive</kind>
         <file>rtsv7M4_T_le_v4SPD16_eabi.lib</file>
         <name>s_scalbn.c.obj</name>
      </input_file>
      <input_file id="fl-f4">
         <path>C:\ti\ccs1281\ccs\tools\compiler\ti-cgt-arm_20.2.7.LTS\lib\</path>
         <kind>archive</kind>
         <file>rtsv7M4_T_le_v4SPD16_eabi.lib</file>
         <name>s_copysign.c.obj</name>
      </input_file>
      <input_file id="fl-f5">
         <path>C:\ti\TivaWare_C_Series-2.2.0.295\grlib\ccs\Debug\</path>
         <kind>archive</kind>
         <file>grlib.lib</file>
         <name>context.obj</name>
      </input_file>
      <input_file id="fl-f6">
         <path>C:\ti\TivaWare_C_Series-2.2.0.295\grlib\ccs\Debug\</path>
         <kind>archive</kind>
         <file>grlib.lib</file>
         <name>rectangle.obj</name>
      </input_file>
      <input_file id="fl-f7">
         <path>C:\ti\TivaWare_C_Series-2.2.0.295\grlib\ccs\Debug\</path>
         <kind>archive</kind>
         <file>grlib.lib</file>
         <name>string.obj</name>
      </input_file>
      <input_file id="fl-f8">
         <path>C:\ti\TivaWare_C_Series-2.2.0.295\grlib\ccs\Debug\</path>
         <kind>archive</kind>
         <file>grlib.lib</file>
         <name>fontfixed6x8.obj</name>
      </input_file>
      <input_file id="fl-f9">
         <path>C:\ti\TivaWare_C_Series-2.2.0.295\grlib\ccs\Debug\</path>
         <kind>archive</kind>
         <file>grlib.lib</file>
         <name>charmap.obj</name>
      </input_file>
      <input_file id="fl-fa">
         <path>C:\ti\TivaWare_C_Series-2.2.0.295\grlib\ccs\Debug\</path>
         <kind>archive</kind>
         <file>grlib.lib</file>
         <name>line.obj</name>
      </input_file>
      <input_file id="fl-fb">
         <path>C:\ti\TivaWare_C_Series-2.2.0.295\driverlib\ccs\Debug\</path>
         <kind>archive</kind>
         <file>driverlib.lib</file>
         <name>adc.obj</name>
      </input_file>
      <input_file id="fl-fc">
         <path>C:\ti\TivaWare_C_Series-2.2.0.295\driverlib\ccs\Debug\</path>
         <kind>archive</kind>
         <file>driverlib.lib</file>
         <name>fpu.obj</name>
      </input_file>
      <input_file id="fl-fd">
         <path>C:\ti\TivaWare_C_Series-2.2.0.295\driverlib\ccs\Debug\</path>
         <kind>archive</kind>
         <file>driverlib.lib</file>
         <name>gpio.obj</name>
      </input_file>
      <input_file id="fl-fe">
         <path>C:\ti\TivaWare_C_Series-2.2.0.295\driverlib\ccs\Debug\</path>
         <kind>archive</kind>
         <file>driverlib.lib</file>
         <name>i2c.obj</name>
      </input_file>
      <input_file id="fl-ff">
         <path>C:\ti\TivaWare_C_Series-2.2.0.295\driverlib\ccs\Debug\</path>
         <kind>archive</kind>
         <file>driverlib.lib</file>
         <name>interrupt.obj</name>
      </input_file>
      <input_file id="fl-100">
         <path>C:\ti\TivaWare_C_Series-2.2.0.295\driverlib\ccs\Debug\</path>
         <kind>archive</kind>
         <file>driverlib.lib</file>
         <name>ssi.obj</name>
      </input_file>
      <input_file id="fl-101">
         <path>C:\ti\TivaWare_C_Series-2.2.0.295\driverlib\ccs\Debug\</path>
         <kind>archive</kind>
         <file>driverlib.lib</file>
         <name>sysctl.obj</name>
      </input_file>
      <input_file id="fl-102">
         <path>C:\ti\TivaWare_C_Series-2.2.0.295\driverlib\ccs\Debug\</path>
         <kind>archive</kind>
         <file>driverlib.lib</file>
         <name>timer.obj</name>
      </input_file>
      <input_file id="fl-103">
         <path>C:\ti\TivaWare_C_Series-2.2.0.295\driverlib\ccs\Debug\</path>
         <kind>archive</kind>
         <file>driverlib.lib</file>
         <name>cpu.obj</name>
      </input_file>
   </input_file_list>
   <object_component_list>
      <object_component id="oc-12">
         <name>.intvecs</name>
         <load_address>0x0</load_address>
         <run_address>0x0</run_address>
         <size>0x200</size>
         <input_file_ref idref="fl-3"/>
      </object_component>
      <object_component id="oc-7f">
         <name>.text</name>
         <load_address>0x200</load_address>
         <run_address>0x200</run_address>
         <size>0x2460</size>
         <input_file_ref idref="fl-9"/>
      </object_component>
      <object_component id="oc-22d">
         <name>.text:__TI_printfi</name>
         <load_address>0x2660</load_address>
         <run_address>0x2660</run_address>
         <size>0xa4e</size>
         <input_file_ref idref="fl-dd"/>
      </object_component>
      <object_component id="oc-501">
         <name>.text</name>
         <load_address>0x30ae</load_address>
         <run_address>0x30ae</run_address>
         <size>0x2</size>
         <input_file_ref idref="fl-de"/>
      </object_component>
      <object_component id="oc-16d">
         <name>.text</name>
         <load_address>0x30b0</load_address>
         <run_address>0x30b0</run_address>
         <size>0x5e4</size>
         <input_file_ref idref="fl-10"/>
      </object_component>
      <object_component id="oc-d9">
         <name>.text</name>
         <load_address>0x3694</load_address>
         <run_address>0x3694</run_address>
         <size>0x420</size>
         <input_file_ref idref="fl-d"/>
      </object_component>
      <object_component id="oc-35d">
         <name>.text:_pconv_a</name>
         <load_address>0x3ab4</load_address>
         <run_address>0x3ab4</run_address>
         <size>0x270</size>
         <input_file_ref idref="fl-dd"/>
      </object_component>
      <object_component id="oc-3f7">
         <name>.text:GrFontGlyphRender</name>
         <load_address>0x3d24</load_address>
         <run_address>0x3d24</run_address>
         <size>0x252</size>
         <input_file_ref idref="fl-f7"/>
      </object_component>
      <object_component id="oc-167">
         <name>.text:SysCtlClockFreqSet</name>
         <load_address>0x3f78</load_address>
         <run_address>0x3f78</run_address>
         <size>0x200</size>
         <input_file_ref idref="fl-101"/>
      </object_component>
      <object_component id="oc-c2">
         <name>.text</name>
         <load_address>0x4178</load_address>
         <run_address>0x4178</run_address>
         <size>0x200</size>
         <input_file_ref idref="fl-2"/>
      </object_component>
      <object_component id="oc-34b">
         <name>.text:_pconv_g</name>
         <load_address>0x4378</load_address>
         <run_address>0x4378</run_address>
         <size>0x1d0</size>
         <input_file_ref idref="fl-dd"/>
      </object_component>
      <object_component id="oc-47c">
         <name>.text</name>
         <load_address>0x4548</load_address>
         <run_address>0x4548</run_address>
         <size>0x1b6</size>
         <input_file_ref idref="fl-df"/>
      </object_component>
      <object_component id="oc-4d4">
         <name>.text:GPIOPadConfigSet</name>
         <load_address>0x4700</load_address>
         <run_address>0x4700</run_address>
         <size>0x16c</size>
         <input_file_ref idref="fl-fd"/>
      </object_component>
      <object_component id="oc-28b">
         <name>.text</name>
         <load_address>0x486c</load_address>
         <run_address>0x486c</run_address>
         <size>0x144</size>
         <input_file_ref idref="fl-11"/>
      </object_component>
      <object_component id="oc-357">
         <name>.text:_pconv_e</name>
         <load_address>0x49b0</load_address>
         <run_address>0x49b0</run_address>
         <size>0x13c</size>
         <input_file_ref idref="fl-dd"/>
      </object_component>
      <object_component id="oc-32">
         <name>.text</name>
         <load_address>0x4aec</load_address>
         <run_address>0x4aec</run_address>
         <size>0x13c</size>
         <input_file_ref idref="fl-b"/>
      </object_component>
      <object_component id="oc-462">
         <name>.text</name>
         <load_address>0x4c28</load_address>
         <run_address>0x4c28</run_address>
         <size>0x136</size>
         <input_file_ref idref="fl-e1"/>
      </object_component>
      <object_component id="oc-df">
         <name>.text</name>
         <load_address>0x4d5e</load_address>
         <run_address>0x4d5e</run_address>
         <size>0x130</size>
         <input_file_ref idref="fl-6"/>
      </object_component>
      <object_component id="oc-48e">
         <name>.text:fcvt</name>
         <load_address>0x4e90</load_address>
         <run_address>0x4e90</run_address>
         <size>0x124</size>
         <input_file_ref idref="fl-dd"/>
      </object_component>
      <object_component id="oc-4a2">
         <name>.text:scalbn</name>
         <load_address>0x4fb4</load_address>
         <run_address>0x4fb4</run_address>
         <size>0x110</size>
         <input_file_ref idref="fl-f3"/>
      </object_component>
      <object_component id="oc-45d">
         <name>.text</name>
         <load_address>0x50c4</load_address>
         <run_address>0x50c4</run_address>
         <size>0xfc</size>
         <input_file_ref idref="fl-e2"/>
      </object_component>
      <object_component id="oc-2d">
         <name>.text</name>
         <load_address>0x51c0</load_address>
         <run_address>0x51c0</run_address>
         <size>0xda</size>
         <input_file_ref idref="fl-c"/>
      </object_component>
      <object_component id="oc-29f">
         <name>.text:GrDefaultStringRenderer</name>
         <load_address>0x529a</load_address>
         <run_address>0x529a</run_address>
         <size>0xc0</size>
         <input_file_ref idref="fl-f7"/>
      </object_component>
      <object_component id="oc-340">
         <name>.text:_ltostr</name>
         <load_address>0x535c</load_address>
         <run_address>0x535c</run_address>
         <size>0xb1</size>
         <input_file_ref idref="fl-dd"/>
      </object_component>
      <object_component id="oc-46">
         <name>.text</name>
         <load_address>0x540e</load_address>
         <run_address>0x540e</run_address>
         <size>0x9c</size>
         <input_file_ref idref="fl-d5"/>
      </object_component>
      <object_component id="oc-456">
         <name>.text</name>
         <load_address>0x54aa</load_address>
         <run_address>0x54aa</run_address>
         <size>0x96</size>
         <input_file_ref idref="fl-d7"/>
      </object_component>
      <object_component id="oc-137">
         <name>.text:GrRectFill</name>
         <load_address>0x5540</load_address>
         <run_address>0x5540</run_address>
         <size>0x86</size>
         <input_file_ref idref="fl-f6"/>
      </object_component>
      <object_component id="oc-346">
         <name>.text:__aeabi_cdcmple</name>
         <load_address>0x55c6</load_address>
         <run_address>0x55c6</run_address>
         <size>0x86</size>
         <input_file_ref idref="fl-e0"/>
      </object_component>
      <object_component id="oc-467">
         <name>.text:__aeabi_cdrcmple</name>
         <load_address>0x564c</load_address>
         <run_address>0x564c</run_address>
         <size>0x86</size>
         <input_file_ref idref="fl-e0"/>
      </object_component>
      <object_component id="oc-b6">
         <name>.text</name>
         <load_address>0x56d2</load_address>
         <run_address>0x56d2</run_address>
         <size>0x7a</size>
         <input_file_ref idref="fl-d6"/>
      </object_component>
      <object_component id="oc-487">
         <name>.text:_mcpy</name>
         <load_address>0x574c</load_address>
         <run_address>0x574c</run_address>
         <size>0x6e</size>
         <input_file_ref idref="fl-dd"/>
      </object_component>
      <object_component id="oc-173">
         <name>.text:GrContextInit</name>
         <load_address>0x57bc</load_address>
         <run_address>0x57bc</run_address>
         <size>0x68</size>
         <input_file_ref idref="fl-f5"/>
      </object_component>
      <object_component id="oc-143">
         <name>.text:GrStringWidthGet</name>
         <load_address>0x5824</load_address>
         <run_address>0x5824</run_address>
         <size>0x68</size>
         <input_file_ref idref="fl-f7"/>
      </object_component>
      <object_component id="oc-15">
         <name>.text:decompress:lzss:__TI_decompress_lzss</name>
         <load_address>0x588c</load_address>
         <run_address>0x588c</run_address>
         <size>0x68</size>
         <input_file_ref idref="fl-da"/>
      </object_component>
      <object_component id="oc-49c">
         <name>.text:frexp</name>
         <load_address>0x58f4</load_address>
         <run_address>0x58f4</run_address>
         <size>0x64</size>
         <input_file_ref idref="fl-f2"/>
      </object_component>
      <object_component id="oc-38b">
         <name>.text:FontWideGlyphDataGet</name>
         <load_address>0x5958</load_address>
         <run_address>0x5958</run_address>
         <size>0x5a</size>
         <input_file_ref idref="fl-f7"/>
      </object_component>
      <object_component id="oc-351">
         <name>.text:_pconv_f</name>
         <load_address>0x59b2</load_address>
         <run_address>0x59b2</run_address>
         <size>0x56</size>
         <input_file_ref idref="fl-dd"/>
      </object_component>
      <object_component id="oc-471">
         <name>.text:__TI_ltoa</name>
         <load_address>0x5a08</load_address>
         <run_address>0x5a08</run_address>
         <size>0x54</size>
         <input_file_ref idref="fl-ea"/>
      </object_component>
      <object_component id="oc-481">
         <name>.text:_ecpy</name>
         <load_address>0x5a5c</load_address>
         <run_address>0x5a5c</run_address>
         <size>0x52</size>
         <input_file_ref idref="fl-dd"/>
      </object_component>
      <object_component id="oc-3c3">
         <name>.text:GPIOPinConfigure</name>
         <load_address>0x5ab0</load_address>
         <run_address>0x5ab0</run_address>
         <size>0x4c</size>
         <input_file_ref idref="fl-fd"/>
      </object_component>
      <object_component id="oc-33a">
         <name>.text:atoi</name>
         <load_address>0x5afc</load_address>
         <run_address>0x5afc</run_address>
         <size>0x4c</size>
         <input_file_ref idref="fl-ec"/>
      </object_component>
      <object_component id="oc-13d">
         <name>.text:snprintf</name>
         <load_address>0x5b48</load_address>
         <run_address>0x5b48</run_address>
         <size>0x4c</size>
         <input_file_ref idref="fl-d4"/>
      </object_component>
      <object_component id="oc-2ad">
         <name>.text:UpdateContextCharMapping</name>
         <load_address>0x5b94</load_address>
         <run_address>0x5b94</run_address>
         <size>0x4a</size>
         <input_file_ref idref="fl-f7"/>
      </object_component>
      <object_component id="oc-27a">
         <name>.text:_SysCtlFrequencyGet</name>
         <load_address>0x5be0</load_address>
         <run_address>0x5be0</run_address>
         <size>0x48</size>
         <input_file_ref idref="fl-101"/>
      </object_component>
      <object_component id="oc-46c">
         <name>.text</name>
         <load_address>0x5c28</load_address>
         <run_address>0x5c28</run_address>
         <size>0x48</size>
         <input_file_ref idref="fl-e3"/>
      </object_component>
      <object_component id="oc-1b1">
         <name>.text:__TI_auto_init_nobinit_nopinit:__TI_auto_init_nobinit_nopinit</name>
         <load_address>0x5c70</load_address>
         <run_address>0x5c70</run_address>
         <size>0x44</size>
         <input_file_ref idref="fl-e5"/>
      </object_component>
      <object_component id="oc-494">
         <name>.text:_fcpy</name>
         <load_address>0x5cb4</load_address>
         <run_address>0x5cb4</run_address>
         <size>0x3e</size>
         <input_file_ref idref="fl-dd"/>
      </object_component>
      <object_component id="oc-391">
         <name>.text:FontGlyphDataGet</name>
         <load_address>0x5cf2</load_address>
         <run_address>0x5cf2</run_address>
         <size>0x3c</size>
         <input_file_ref idref="fl-f7"/>
      </object_component>
      <object_component id="oc-3cf">
         <name>.text:SSIConfigSetExpClk</name>
         <load_address>0x5d2e</load_address>
         <run_address>0x5d2e</run_address>
         <size>0x3c</size>
         <input_file_ref idref="fl-100"/>
      </object_component>
      <object_component id="oc-3b7">
         <name>.text:SysCtlPeripheralEnable</name>
         <load_address>0x5d6c</load_address>
         <run_address>0x5d6c</run_address>
         <size>0x34</size>
         <input_file_ref idref="fl-101"/>
      </object_component>
      <object_component id="oc-64">
         <name>.text:_c_int00_noargs:_c_int00_noargs</name>
         <load_address>0x5da0</load_address>
         <run_address>0x5da0</run_address>
         <size>0x34</size>
         <input_file_ref idref="fl-db"/>
      </object_component>
      <object_component id="oc-233">
         <name>.text:_outs</name>
         <load_address>0x5dd4</load_address>
         <run_address>0x5dd4</run_address>
         <size>0x30</size>
         <input_file_ref idref="fl-d4"/>
      </object_component>
      <object_component id="oc-250">
         <name>.text:GrStringNextCharGet</name>
         <load_address>0x5e04</load_address>
         <run_address>0x5e04</run_address>
         <size>0x2e</size>
         <input_file_ref idref="fl-f7"/>
      </object_component>
      <object_component id="oc-477">
         <name>.text</name>
         <load_address>0x5e32</load_address>
         <run_address>0x5e32</run_address>
         <size>0x2e</size>
         <input_file_ref idref="fl-e4"/>
      </object_component>
      <object_component id="oc-4ce">
         <name>.text:GPIODirModeSet</name>
         <load_address>0x5e60</load_address>
         <run_address>0x5e60</run_address>
         <size>0x2c</size>
         <input_file_ref idref="fl-fd"/>
      </object_component>
      <object_component id="oc-149">
         <name>.text:GrFontBaselineGet</name>
         <load_address>0x5e8c</load_address>
         <run_address>0x5e8c</run_address>
         <size>0x2c</size>
         <input_file_ref idref="fl-f7"/>
      </object_component>
      <object_component id="oc-25c">
         <name>.text:GrFontInfoGet</name>
         <load_address>0x5eb8</load_address>
         <run_address>0x5eb8</run_address>
         <size>0x26</size>
         <input_file_ref idref="fl-f7"/>
      </object_component>
      <object_component id="oc-256">
         <name>.text:GrFontGlyphDataGet</name>
         <load_address>0x5ede</load_address>
         <run_address>0x5ede</run_address>
         <size>0x22</size>
         <input_file_ref idref="fl-f7"/>
      </object_component>
      <object_component id="oc-274">
         <name>.text:_SysCtlMemTimingGet</name>
         <load_address>0x5f00</load_address>
         <run_address>0x5f00</run_address>
         <size>0x20</size>
         <input_file_ref idref="fl-101"/>
      </object_component>
      <object_component id="oc-40a">
         <name>.text:GrFontCodepageGet</name>
         <load_address>0x5f20</load_address>
         <run_address>0x5f20</run_address>
         <size>0x1e</size>
         <input_file_ref idref="fl-f7"/>
      </object_component>
      <object_component id="oc-363">
         <name>.text:memccpy</name>
         <load_address>0x5f3e</load_address>
         <run_address>0x5f3e</run_address>
         <size>0x1c</size>
         <input_file_ref idref="fl-ee"/>
      </object_component>
      <object_component id="oc-3c9">
         <name>.text:GPIOPinTypeGPIOOutput</name>
         <load_address>0x5f5a</load_address>
         <run_address>0x5f5a</run_address>
         <size>0x1a</size>
         <input_file_ref idref="fl-fd"/>
      </object_component>
      <object_component id="oc-51a">
         <name>.text:copysign</name>
         <load_address>0x5f74</load_address>
         <run_address>0x5f74</run_address>
         <size>0x1a</size>
         <input_file_ref idref="fl-f4"/>
      </object_component>
      <object_component id="oc-239">
         <name>.text:_outc</name>
         <load_address>0x5f8e</load_address>
         <run_address>0x5f8e</run_address>
         <size>0x18</size>
         <input_file_ref idref="fl-d4"/>
      </object_component>
      <object_component id="oc-3bd">
         <name>.text:GPIOPinTypeSSI</name>
         <load_address>0x5fa6</load_address>
         <run_address>0x5fa6</run_address>
         <size>0x16</size>
         <input_file_ref idref="fl-fd"/>
      </object_component>
      <object_component id="oc-14f">
         <name>.text:GrStringDraw</name>
         <load_address>0x5fbc</load_address>
         <run_address>0x5fbc</run_address>
         <size>0x16</size>
         <input_file_ref idref="fl-f7"/>
      </object_component>
      <object_component id="oc-4a8">
         <name>.text:strchr</name>
         <load_address>0x5fd2</load_address>
         <run_address>0x5fd2</run_address>
         <size>0x16</size>
         <input_file_ref idref="fl-ef"/>
      </object_component>
      <object_component id="oc-334">
         <name>.text:strlen</name>
         <load_address>0x5fe8</load_address>
         <run_address>0x5fe8</run_address>
         <size>0x14</size>
         <input_file_ref idref="fl-f0"/>
      </object_component>
      <object_component id="oc-369">
         <name>.text:wcslen</name>
         <load_address>0x5ffc</load_address>
         <run_address>0x5ffc</run_address>
         <size>0x12</size>
         <input_file_ref idref="fl-f1"/>
      </object_component>
      <object_component id="oc-15b">
         <name>.text:FPUEnable</name>
         <load_address>0x6010</load_address>
         <run_address>0x6010</run_address>
         <size>0x10</size>
         <input_file_ref idref="fl-fc"/>
      </object_component>
      <object_component id="oc-161">
         <name>.text:FPULazyStackingEnable</name>
         <load_address>0x6020</load_address>
         <run_address>0x6020</run_address>
         <size>0x10</size>
         <input_file_ref idref="fl-fc"/>
      </object_component>
      <object_component id="oc-155">
         <name>.text:IntMasterDisable</name>
         <load_address>0x6030</load_address>
         <run_address>0x6030</run_address>
         <size>0x10</size>
         <input_file_ref idref="fl-ff"/>
      </object_component>
      <object_component id="oc-17f">
         <name>.text:IntMasterEnable</name>
         <load_address>0x6040</load_address>
         <run_address>0x6040</run_address>
         <size>0x10</size>
         <input_file_ref idref="fl-ff"/>
      </object_component>
      <object_component id="oc-1b">
         <name>.text:decompress:none:__TI_decompress_none</name>
         <load_address>0x6050</load_address>
         <run_address>0x6050</run_address>
         <size>0xe</size>
         <input_file_ref idref="fl-d9"/>
      </object_component>
      <object_component id="oc-26b">
         <name>.text:CPUcpsid</name>
         <load_address>0x605e</load_address>
         <run_address>0x605e</run_address>
         <size>0xc</size>
         <input_file_ref idref="fl-103"/>
      </object_component>
      <object_component id="oc-2b4">
         <name>.text:CPUcpsie</name>
         <load_address>0x606a</load_address>
         <run_address>0x606a</run_address>
         <size>0xc</size>
         <input_file_ref idref="fl-103"/>
      </object_component>
      <object_component id="oc-58">
         <name>.text:decompress:ZI:__TI_zero_init</name>
         <load_address>0x6076</load_address>
         <run_address>0x6076</run_address>
         <size>0xc</size>
         <input_file_ref idref="fl-d8"/>
      </object_component>
      <object_component id="oc-27">
         <name>.text</name>
         <load_address>0x6082</load_address>
         <run_address>0x6082</run_address>
         <size>0xc</size>
         <input_file_ref idref="fl-3"/>
      </object_component>
      <object_component id="oc-3e7">
         <name>.text:SSIDataPut</name>
         <load_address>0x608e</load_address>
         <run_address>0x608e</run_address>
         <size>0xa</size>
         <input_file_ref idref="fl-100"/>
      </object_component>
      <object_component id="oc-3d5">
         <name>.text:SSIEnable</name>
         <load_address>0x6098</load_address>
         <run_address>0x6098</run_address>
         <size>0xa</size>
         <input_file_ref idref="fl-100"/>
      </object_component>
      <object_component id="oc-3fe">
         <name>.text:GrMapISO8859_1_Unicode</name>
         <load_address>0x60a2</load_address>
         <run_address>0x60a2</run_address>
         <size>0x8</size>
         <input_file_ref idref="fl-f9"/>
      </object_component>
      <object_component id="oc-3e1">
         <name>.text:SSIBusy</name>
         <load_address>0x60aa</load_address>
         <run_address>0x60aa</run_address>
         <size>0x8</size>
         <input_file_ref idref="fl-100"/>
      </object_component>
      <object_component id="oc-36f">
         <name>.text:__aeabi_errno_addr</name>
         <load_address>0x60b4</load_address>
         <run_address>0x60b4</run_address>
         <size>0x8</size>
         <input_file_ref idref="fl-dc"/>
      </object_component>
      <object_component id="oc-3db">
         <name>.text:GPIOPinWrite</name>
         <load_address>0x60bc</load_address>
         <run_address>0x60bc</run_address>
         <size>0x6</size>
         <input_file_ref idref="fl-fd"/>
      </object_component>
      <object_component id="oc-179">
         <name>.text:GrContextFontSet</name>
         <load_address>0x60c2</load_address>
         <run_address>0x60c2</run_address>
         <size>0x6</size>
         <input_file_ref idref="fl-f7"/>
      </object_component>
      <object_component id="oc-291">
         <name>.text:SysCtlDelay</name>
         <load_address>0x60c8</load_address>
         <run_address>0x60c8</run_address>
         <size>0x6</size>
         <input_file_ref idref="fl-101"/>
      </object_component>
      <object_component id="oc-bc">
         <name>.text:_system_pre_init</name>
         <load_address>0x60ce</load_address>
         <run_address>0x60ce</run_address>
         <size>0x4</size>
         <input_file_ref idref="fl-e6"/>
      </object_component>
      <object_component id="oc-1a5">
         <name>.text:abort:abort</name>
         <load_address>0x60d2</load_address>
         <run_address>0x60d2</run_address>
         <size>0x4</size>
         <input_file_ref idref="fl-e8"/>
      </object_component>
      <object_component id="oc-2f0">
         <name>.const:.string:g_pui8FontFixed6x8Data</name>
         <load_address>0x60d8</load_address>
         <run_address>0x60d8</run_address>
         <size>0x2f8</size>
         <input_file_ref idref="fl-f8"/>
      </object_component>
      <object_component id="oc-283">
         <name>.const:g_pppui32XTALtoVCO</name>
         <load_address>0x63d0</load_address>
         <run_address>0x63d0</run_address>
         <size>0x1b0</size>
         <input_file_ref idref="fl-101"/>
      </object_component>
      <object_component id="oc-451">
         <name>.const:.string:_ctypes_</name>
         <load_address>0x6580</load_address>
         <run_address>0x6580</run_address>
         <size>0x101</size>
         <input_file_ref idref="fl-ed"/>
      </object_component>
      <object_component id="oc-192">
         <name>.const:g_sFontFixed6x8</name>
         <load_address>0x6684</load_address>
         <run_address>0x6684</run_address>
         <size>0xc8</size>
         <input_file_ref idref="fl-f8"/>
      </object_component>
      <object_component id="oc-4dc">
         <name>.const:g_pui32GPIOBaseAddrs</name>
         <load_address>0x674c</load_address>
         <run_address>0x674c</run_address>
         <size>0x90</size>
         <input_file_ref idref="fl-fd"/>
      </object_component>
      <object_component id="oc-280">
         <name>.const:g_pui32Xtals</name>
         <load_address>0x67dc</load_address>
         <run_address>0x67dc</run_address>
         <size>0x6c</size>
         <input_file_ref idref="fl-101"/>
      </object_component>
      <object_component id="oc-3a1">
         <name>.const:g_sXTALtoMEMTIM</name>
         <load_address>0x6848</load_address>
         <run_address>0x6848</run_address>
         <size>0x30</size>
         <input_file_ref idref="fl-101"/>
      </object_component>
      <object_component id="oc-18f">
         <name>.const:g_sCrystalfontz128x128</name>
         <load_address>0x6878</load_address>
         <run_address>0x6878</run_address>
         <size>0x28</size>
         <input_file_ref idref="fl-10"/>
      </object_component>
      <object_component id="oc-2a5">
         <name>.const:g_psDefaultCodePointMapTable</name>
         <load_address>0x68a0</load_address>
         <run_address>0x68a0</run_address>
         <size>0x10</size>
         <input_file_ref idref="fl-f5"/>
      </object_component>
      <object_component id="oc-185">
         <name>.const:$P$T0$1</name>
         <load_address>0x68b0</load_address>
         <run_address>0x68b0</run_address>
         <size>0x8</size>
         <input_file_ref idref="fl-2"/>
      </object_component>
      <object_component id="oc-286">
         <name>.const:g_pui32VCOFrequencies</name>
         <load_address>0x68b8</load_address>
         <run_address>0x68b8</run_address>
         <size>0x8</size>
         <input_file_ref idref="fl-101"/>
      </object_component>
      <object_component id="oc-7c">
         <name>.const</name>
         <load_address>0x68c0</load_address>
         <run_address>0x68c0</run_address>
         <size>0x4</size>
         <input_file_ref idref="fl-b"/>
      </object_component>
      <object_component id="oc-fa">
         <name>.const</name>
         <load_address>0x68c4</load_address>
         <run_address>0x68c4</run_address>
         <size>0x4</size>
         <input_file_ref idref="fl-9"/>
      </object_component>
      <object_component id="oc-57c">
         <name>.cinit..data.load</name>
         <load_address>0x68c8</load_address>
         <run_address>0x68c8</run_address>
         <size>0x18</size>
      </object_component>
      <object_component id="oc-57a">
         <name>__TI_handler_table</name>
         <load_address>0x68e0</load_address>
         <run_address>0x68e0</run_address>
         <size>0xc</size>
      </object_component>
      <object_component id="oc-57d">
         <name>.cinit..bss.load</name>
         <load_address>0x68f0</load_address>
         <run_address>0x68f0</run_address>
         <size>0x8</size>
      </object_component>
      <object_component id="oc-57b">
         <name>__TI_cinit_table</name>
         <load_address>0x68f8</load_address>
         <run_address>0x68f8</run_address>
         <size>0x10</size>
      </object_component>
      <object_component id="oc-18c">
         <name>.data</name>
         <load_address>0x20008040</load_address>
         <run_address>0x20008040</run_address>
         <size>0xc</size>
         <input_file_ref idref="fl-2"/>
      </object_component>
      <object_component id="oc-79">
         <name>.data</name>
         <load_address>0x20008000</load_address>
         <run_address>0x20008000</run_address>
         <size>0x2c</size>
         <input_file_ref idref="fl-9"/>
      </object_component>
      <object_component id="oc-f4">
         <name>.data:xYieldPendings</name>
         <load_address>0x20008054</load_address>
         <run_address>0x20008054</run_address>
         <size>0x4</size>
         <input_file_ref idref="fl-9"/>
      </object_component>
      <object_component id="oc-86">
         <name>.data</name>
         <load_address>0x2000804c</load_address>
         <run_address>0x2000804c</run_address>
         <size>0x4</size>
         <input_file_ref idref="fl-b"/>
      </object_component>
      <object_component id="oc-1fe">
         <name>.data</name>
         <load_address>0x2000802c</load_address>
         <run_address>0x2000802c</run_address>
         <size>0x14</size>
         <input_file_ref idref="fl-d"/>
      </object_component>
      <object_component id="oc-29b">
         <name>.data:Lcd_buffer</name>
         <load_address>0x20000000</load_address>
         <run_address>0x20000000</run_address>
         <size>0x8000</size>
         <input_file_ref idref="fl-10"/>
      </object_component>
      <object_component id="oc-4b8">
         <name>.data</name>
         <load_address>0x20008050</load_address>
         <run_address>0x20008050</run_address>
         <size>0x4</size>
         <input_file_ref idref="fl-dc"/>
      </object_component>
      <object_component id="oc-e5">
         <name>.bss:pxReadyTasksLists</name>
         <uninitialized>true</uninitialized>
         <run_address>0x2000cf68</run_address>
         <size>0x140</size>
         <input_file_ref idref="fl-9"/>
      </object_component>
      <object_component id="oc-fd">
         <name>.bss:xDelayedTaskList1</name>
         <uninitialized>true</uninitialized>
         <run_address>0x2000d0d4</run_address>
         <size>0x14</size>
         <input_file_ref idref="fl-9"/>
      </object_component>
      <object_component id="oc-100">
         <name>.bss:xDelayedTaskList2</name>
         <uninitialized>true</uninitialized>
         <run_address>0x2000d0e8</run_address>
         <size>0x14</size>
         <input_file_ref idref="fl-9"/>
      </object_component>
      <object_component id="oc-eb">
         <name>.bss</name>
         <uninitialized>true</uninitialized>
         <run_address>0x2000d138</run_address>
         <size>0x8</size>
         <input_file_ref idref="fl-9"/>
      </object_component>
      <object_component id="oc-ee">
         <name>.bss:xPendingReadyList</name>
         <uninitialized>true</uninitialized>
         <run_address>0x2000d0fc</run_address>
         <size>0x14</size>
         <input_file_ref idref="fl-9"/>
      </object_component>
      <object_component id="oc-e8">
         <name>.bss:xTasksWaitingTermination</name>
         <uninitialized>true</uninitialized>
         <run_address>0x2000d124</run_address>
         <size>0x14</size>
         <input_file_ref idref="fl-9"/>
      </object_component>
      <object_component id="oc-f1">
         <name>.bss:xSuspendedTaskList</name>
         <uninitialized>true</uninitialized>
         <run_address>0x2000d110</run_address>
         <size>0x14</size>
         <input_file_ref idref="fl-9"/>
      </object_component>
      <object_component id="oc-f7">
         <name>.bss:xIdleTaskHandles</name>
         <uninitialized>true</uninitialized>
         <run_address>0x2000d14c</run_address>
         <size>0x4</size>
         <input_file_ref idref="fl-9"/>
      </object_component>
      <object_component id="oc-204">
         <name>.bss:ucHeap</name>
         <uninitialized>true</uninitialized>
         <run_address>0x20008058</run_address>
         <size>0x4f10</size>
         <input_file_ref idref="fl-d"/>
      </object_component>
      <object_component id="oc-201">
         <name>.bss:xStart</name>
         <uninitialized>true</uninitialized>
         <run_address>0x2000d140</run_address>
         <size>0x8</size>
         <input_file_ref idref="fl-d"/>
      </object_component>
      <object_component id="oc-2a8">
         <name>.bss</name>
         <uninitialized>true</uninitialized>
         <run_address>0x2000d148</run_address>
         <size>0x4</size>
         <input_file_ref idref="fl-f5"/>
      </object_component>
      <object_component id="oc-188">
         <name>.common:gContext</name>
         <uninitialized>true</uninitialized>
         <run_address>0x2000d0a8</run_address>
         <size>0x2c</size>
      </object_component>
      <object_component id="oc-29a">
         <name>.common:Lcd_Orientation</name>
         <uninitialized>true</uninitialized>
         <run_address>0x2000d158</run_address>
         <size>0x1</size>
      </object_component>
      <object_component id="oc-292">
         <name>.common:Lcd_ScreenWidth</name>
         <uninitialized>true</uninitialized>
         <run_address>0x2000d152</run_address>
         <size>0x2</size>
      </object_component>
      <object_component id="oc-295">
         <name>.common:Lcd_ScreenHeigth</name>
         <uninitialized>true</uninitialized>
         <run_address>0x2000d150</run_address>
         <size>0x2</size>
      </object_component>
      <object_component id="oc-296">
         <name>.common:Lcd_PenSolid</name>
         <uninitialized>true</uninitialized>
         <run_address>0x2000d159</run_address>
         <size>0x1</size>
      </object_component>
      <object_component id="oc-297">
         <name>.common:Lcd_FontSolid</name>
         <uninitialized>true</uninitialized>
         <run_address>0x2000d157</run_address>
         <size>0x1</size>
      </object_component>
      <object_component id="oc-298">
         <name>.common:Lcd_FlagRead</name>
         <uninitialized>true</uninitialized>
         <run_address>0x2000d156</run_address>
         <size>0x1</size>
      </object_component>
      <object_component id="oc-299">
         <name>.common:Lcd_TouchTrim</name>
         <uninitialized>true</uninitialized>
         <run_address>0x2000d154</run_address>
         <size>0x2</size>
      </object_component>
      <object_component id="oc-24">
         <name>.stack</name>
         <uninitialized>true</uninitialized>
         <run_address>0x2000d160</run_address>
         <size>0x4</size>
         <input_file_ref idref="fl-db"/>
      </object_component>
      <object_component id="oc-57f">
         <name>.stack</name>
         <uninitialized>true</uninitialized>
         <run_address>0x2000d160</run_address>
         <size>0x0</size>
      </object_component>
      <object_component id="oc-189">
         <name>.debug_info</name>
         <load_address>0x0</load_address>
         <run_address>0x0</run_address>
         <size>0x10a3</size>
         <input_file_ref idref="fl-2"/>
      </object_component>
      <object_component id="oc-18d">
         <name>.debug_info</name>
         <load_address>0x10a3</load_address>
         <run_address>0x10a3</run_address>
         <size>0x1b1</size>
         <input_file_ref idref="fl-2"/>
      </object_component>
      <object_component id="oc-186">
         <name>.debug_info</name>
         <load_address>0x1254</load_address>
         <run_address>0x1254</run_address>
         <size>0x124</size>
         <input_file_ref idref="fl-2"/>
      </object_component>
      <object_component id="oc-c3">
         <name>.debug_info</name>
         <load_address>0x1378</load_address>
         <run_address>0x1378</run_address>
         <size>0x4d8</size>
         <input_file_ref idref="fl-2"/>
      </object_component>
      <object_component id="oc-2bf">
         <name>.debug_info</name>
         <load_address>0x1850</load_address>
         <run_address>0x1850</run_address>
         <size>0x638</size>
         <input_file_ref idref="fl-2"/>
      </object_component>
      <object_component id="oc-2c4">
         <name>.debug_info</name>
         <load_address>0x1e88</load_address>
         <run_address>0x1e88</run_address>
         <size>0x16d</size>
         <input_file_ref idref="fl-2"/>
      </object_component>
      <object_component id="oc-19b">
         <name>.debug_info</name>
         <load_address>0x1ff5</load_address>
         <run_address>0x1ff5</run_address>
         <size>0x8b</size>
         <input_file_ref idref="fl-2"/>
      </object_component>
      <object_component id="oc-196">
         <name>.debug_info</name>
         <load_address>0x2080</load_address>
         <run_address>0x2080</run_address>
         <size>0x941</size>
         <input_file_ref idref="fl-2"/>
      </object_component>
      <object_component id="oc-2e7">
         <name>.debug_info</name>
         <load_address>0x29c1</load_address>
         <run_address>0x29c1</run_address>
         <size>0x2c</size>
         <input_file_ref idref="fl-2"/>
      </object_component>
      <object_component id="oc-2d8">
         <name>.debug_info</name>
         <load_address>0x29ed</load_address>
         <run_address>0x29ed</run_address>
         <size>0x2d6</size>
         <input_file_ref idref="fl-2"/>
      </object_component>
      <object_component id="oc-1a0">
         <name>.debug_info</name>
         <load_address>0x2cc3</load_address>
         <run_address>0x2cc3</run_address>
         <size>0xbb</size>
         <input_file_ref idref="fl-2"/>
      </object_component>
      <object_component id="oc-2d3">
         <name>.debug_info</name>
         <load_address>0x2d7e</load_address>
         <run_address>0x2d7e</run_address>
         <size>0x2a1</size>
         <input_file_ref idref="fl-2"/>
      </object_component>
      <object_component id="oc-2c9">
         <name>.debug_info</name>
         <load_address>0x301f</load_address>
         <run_address>0x301f</run_address>
         <size>0x53</size>
         <input_file_ref idref="fl-2"/>
      </object_component>
      <object_component id="oc-2ce">
         <name>.debug_info</name>
         <load_address>0x3072</load_address>
         <run_address>0x3072</run_address>
         <size>0xfe</size>
         <input_file_ref idref="fl-2"/>
      </object_component>
      <object_component id="oc-2dd">
         <name>.debug_info</name>
         <load_address>0x3170</load_address>
         <run_address>0x3170</run_address>
         <size>0x3f6</size>
         <input_file_ref idref="fl-2"/>
      </object_component>
      <object_component id="oc-2e2">
         <name>.debug_info</name>
         <load_address>0x3566</load_address>
         <run_address>0x3566</run_address>
         <size>0x1e2</size>
         <input_file_ref idref="fl-2"/>
      </object_component>
      <object_component id="oc-3a">
         <name>.debug_info</name>
         <load_address>0x3748</load_address>
         <run_address>0x3748</run_address>
         <size>0x375</size>
         <input_file_ref idref="fl-3"/>
      </object_component>
      <object_component id="oc-13">
         <name>.debug_info</name>
         <load_address>0x3abd</load_address>
         <run_address>0x3abd</run_address>
         <size>0x134</size>
         <input_file_ref idref="fl-3"/>
      </object_component>
      <object_component id="oc-2a">
         <name>.debug_info</name>
         <load_address>0x3bf1</load_address>
         <run_address>0x3bf1</run_address>
         <size>0x245</size>
         <input_file_ref idref="fl-3"/>
      </object_component>
      <object_component id="oc-97">
         <name>.debug_info</name>
         <load_address>0x3e36</load_address>
         <run_address>0x3e36</run_address>
         <size>0x26b</size>
         <input_file_ref idref="fl-3"/>
      </object_component>
      <object_component id="oc-41">
         <name>.debug_info</name>
         <load_address>0x40a1</load_address>
         <run_address>0x40a1</run_address>
         <size>0x84</size>
         <input_file_ref idref="fl-3"/>
      </object_component>
      <object_component id="oc-122">
         <name>.debug_info</name>
         <load_address>0x4125</load_address>
         <run_address>0x4125</run_address>
         <size>0x2a4</size>
         <input_file_ref idref="fl-3"/>
      </object_component>
      <object_component id="oc-9c">
         <name>.debug_info</name>
         <load_address>0x43c9</load_address>
         <run_address>0x43c9</run_address>
         <size>0xbb</size>
         <input_file_ref idref="fl-3"/>
      </object_component>
      <object_component id="oc-121">
         <name>.debug_info</name>
         <load_address>0x4484</load_address>
         <run_address>0x4484</run_address>
         <size>0x2b7</size>
         <input_file_ref idref="fl-4"/>
      </object_component>
      <object_component id="oc-112">
         <name>.debug_info</name>
         <load_address>0x473b</load_address>
         <run_address>0x473b</run_address>
         <size>0x322</size>
         <input_file_ref idref="fl-4"/>
      </object_component>
      <object_component id="oc-11c">
         <name>.debug_info</name>
         <load_address>0x4a5d</load_address>
         <run_address>0x4a5d</run_address>
         <size>0x476</size>
         <input_file_ref idref="fl-4"/>
      </object_component>
      <object_component id="oc-221">
         <name>.debug_info</name>
         <load_address>0x4ed3</load_address>
         <run_address>0x4ed3</run_address>
         <size>0xcc</size>
         <input_file_ref idref="fl-4"/>
      </object_component>
      <object_component id="oc-8b">
         <name>.debug_info</name>
         <load_address>0x4f9f</load_address>
         <run_address>0x4f9f</run_address>
         <size>0x2c</size>
         <input_file_ref idref="fl-4"/>
      </object_component>
      <object_component id="oc-10d">
         <name>.debug_info</name>
         <load_address>0x4fcb</load_address>
         <run_address>0x4fcb</run_address>
         <size>0x53</size>
         <input_file_ref idref="fl-4"/>
      </object_component>
      <object_component id="oc-90">
         <name>.debug_info</name>
         <load_address>0x501e</load_address>
         <run_address>0x501e</run_address>
         <size>0x53</size>
         <input_file_ref idref="fl-4"/>
      </object_component>
      <object_component id="oc-117">
         <name>.debug_info</name>
         <load_address>0x5071</load_address>
         <run_address>0x5071</run_address>
         <size>0x14c</size>
         <input_file_ref idref="fl-4"/>
      </object_component>
      <object_component id="oc-316">
         <name>.debug_info</name>
         <load_address>0x51bd</load_address>
         <run_address>0x51bd</run_address>
         <size>0x702</size>
         <input_file_ref idref="fl-5"/>
      </object_component>
      <object_component id="oc-1e5">
         <name>.debug_info</name>
         <load_address>0x58bf</load_address>
         <run_address>0x58bf</run_address>
         <size>0x110</size>
         <input_file_ref idref="fl-5"/>
      </object_component>
      <object_component id="oc-1f9">
         <name>.debug_info</name>
         <load_address>0x59cf</load_address>
         <run_address>0x59cf</run_address>
         <size>0x476</size>
         <input_file_ref idref="fl-5"/>
      </object_component>
      <object_component id="oc-439">
         <name>.debug_info</name>
         <load_address>0x5e45</load_address>
         <run_address>0x5e45</run_address>
         <size>0x76</size>
         <input_file_ref idref="fl-5"/>
      </object_component>
      <object_component id="oc-43e">
         <name>.debug_info</name>
         <load_address>0x5ebb</load_address>
         <run_address>0x5ebb</run_address>
         <size>0x39</size>
         <input_file_ref idref="fl-5"/>
      </object_component>
      <object_component id="oc-326">
         <name>.debug_info</name>
         <load_address>0x5ef4</load_address>
         <run_address>0x5ef4</run_address>
         <size>0x109</size>
         <input_file_ref idref="fl-5"/>
      </object_component>
      <object_component id="oc-1ea">
         <name>.debug_info</name>
         <load_address>0x5ffd</load_address>
         <run_address>0x5ffd</run_address>
         <size>0x4f</size>
         <input_file_ref idref="fl-5"/>
      </object_component>
      <object_component id="oc-20a">
         <name>.debug_info</name>
         <load_address>0x604c</load_address>
         <run_address>0x604c</run_address>
         <size>0x433</size>
         <input_file_ref idref="fl-6"/>
      </object_component>
      <object_component id="oc-e1">
         <name>.debug_info</name>
         <load_address>0x647f</load_address>
         <run_address>0x647f</run_address>
         <size>0x954</size>
         <input_file_ref idref="fl-6"/>
      </object_component>
      <object_component id="oc-317">
         <name>.debug_info</name>
         <load_address>0x6dd3</load_address>
         <run_address>0x6dd3</run_address>
         <size>0x951</size>
         <input_file_ref idref="fl-7"/>
      </object_component>
      <object_component id="oc-445">
         <name>.debug_info</name>
         <load_address>0x7724</load_address>
         <run_address>0x7724</run_address>
         <size>0x23f</size>
         <input_file_ref idref="fl-7"/>
      </object_component>
      <object_component id="oc-44a">
         <name>.debug_info</name>
         <load_address>0x7963</load_address>
         <run_address>0x7963</run_address>
         <size>0x46</size>
         <input_file_ref idref="fl-7"/>
      </object_component>
      <object_component id="oc-1ef">
         <name>.debug_info</name>
         <load_address>0x79a9</load_address>
         <run_address>0x79a9</run_address>
         <size>0x35</size>
         <input_file_ref idref="fl-7"/>
      </object_component>
      <object_component id="oc-12e">
         <name>.debug_info</name>
         <load_address>0x79de</load_address>
         <run_address>0x79de</run_address>
         <size>0x2c</size>
         <input_file_ref idref="fl-8"/>
      </object_component>
      <object_component id="oc-d6">
         <name>.debug_info</name>
         <load_address>0x7a0a</load_address>
         <run_address>0x7a0a</run_address>
         <size>0x863</size>
         <input_file_ref idref="fl-9"/>
      </object_component>
      <object_component id="oc-7a">
         <name>.debug_info</name>
         <load_address>0x826d</load_address>
         <run_address>0x826d</run_address>
         <size>0x3a3</size>
         <input_file_ref idref="fl-9"/>
      </object_component>
      <object_component id="oc-e6">
         <name>.debug_info</name>
         <load_address>0x8610</load_address>
         <run_address>0x8610</run_address>
         <size>0x1a6</size>
         <input_file_ref idref="fl-9"/>
      </object_component>
      <object_component id="oc-fe">
         <name>.debug_info</name>
         <load_address>0x87b6</load_address>
         <run_address>0x87b6</run_address>
         <size>0x1a6</size>
         <input_file_ref idref="fl-9"/>
      </object_component>
      <object_component id="oc-101">
         <name>.debug_info</name>
         <load_address>0x895c</load_address>
         <run_address>0x895c</run_address>
         <size>0x1a6</size>
         <input_file_ref idref="fl-9"/>
      </object_component>
      <object_component id="oc-ec">
         <name>.debug_info</name>
         <load_address>0x8b02</load_address>
         <run_address>0x8b02</run_address>
         <size>0x1e9</size>
         <input_file_ref idref="fl-9"/>
      </object_component>
      <object_component id="oc-ef">
         <name>.debug_info</name>
         <load_address>0x8ceb</load_address>
         <run_address>0x8ceb</run_address>
         <size>0x1a6</size>
         <input_file_ref idref="fl-9"/>
      </object_component>
      <object_component id="oc-e9">
         <name>.debug_info</name>
         <load_address>0x8e91</load_address>
         <run_address>0x8e91</run_address>
         <size>0x1b4</size>
         <input_file_ref idref="fl-9"/>
      </object_component>
      <object_component id="oc-f2">
         <name>.debug_info</name>
         <load_address>0x9045</load_address>
         <run_address>0x9045</run_address>
         <size>0x1a8</size>
         <input_file_ref idref="fl-9"/>
      </object_component>
      <object_component id="oc-f5">
         <name>.debug_info</name>
         <load_address>0x91ed</load_address>
         <run_address>0x91ed</run_address>
         <size>0x1a0</size>
         <input_file_ref idref="fl-9"/>
      </object_component>
      <object_component id="oc-f8">
         <name>.debug_info</name>
         <load_address>0x938d</load_address>
         <run_address>0x938d</run_address>
         <size>0x1a4</size>
         <input_file_ref idref="fl-9"/>
      </object_component>
      <object_component id="oc-fb">
         <name>.debug_info</name>
         <load_address>0x9531</load_address>
         <run_address>0x9531</run_address>
         <size>0x1a6</size>
         <input_file_ref idref="fl-9"/>
      </object_component>
      <object_component id="oc-80">
         <name>.debug_info</name>
         <load_address>0x96d7</load_address>
         <run_address>0x96d7</run_address>
         <size>0x8fa6</size>
         <input_file_ref idref="fl-9"/>
      </object_component>
      <object_component id="oc-104">
         <name>.debug_info</name>
         <load_address>0x1267d</load_address>
         <run_address>0x1267d</run_address>
         <size>0x319</size>
         <input_file_ref idref="fl-9"/>
      </object_component>
      <object_component id="oc-1f4">
         <name>.debug_info</name>
         <load_address>0x12996</load_address>
         <run_address>0x12996</run_address>
         <size>0x146</size>
         <input_file_ref idref="fl-9"/>
      </object_component>
      <object_component id="oc-8a">
         <name>.debug_info</name>
         <load_address>0x12adc</load_address>
         <run_address>0x12adc</run_address>
         <size>0x4d4</size>
         <input_file_ref idref="fl-b"/>
      </object_component>
      <object_component id="oc-7d">
         <name>.debug_info</name>
         <load_address>0x12fb0</load_address>
         <run_address>0x12fb0</run_address>
         <size>0x1d3</size>
         <input_file_ref idref="fl-b"/>
      </object_component>
      <object_component id="oc-87">
         <name>.debug_info</name>
         <load_address>0x13183</load_address>
         <run_address>0x13183</run_address>
         <size>0x1ba</size>
         <input_file_ref idref="fl-b"/>
      </object_component>
      <object_component id="oc-33">
         <name>.debug_info</name>
         <load_address>0x1333d</load_address>
         <run_address>0x1333d</run_address>
         <size>0xdba</size>
         <input_file_ref idref="fl-b"/>
      </object_component>
      <object_component id="oc-30">
         <name>.debug_info</name>
         <load_address>0x140f7</load_address>
         <run_address>0x140f7</run_address>
         <size>0x308</size>
         <input_file_ref idref="fl-c"/>
      </object_component>
      <object_component id="oc-208">
         <name>.debug_info</name>
         <load_address>0x143ff</load_address>
         <run_address>0x143ff</run_address>
         <size>0x571</size>
         <input_file_ref idref="fl-d"/>
      </object_component>
      <object_component id="oc-205">
         <name>.debug_info</name>
         <load_address>0x14970</load_address>
         <run_address>0x14970</run_address>
         <size>0x1a1</size>
         <input_file_ref idref="fl-d"/>
      </object_component>
      <object_component id="oc-202">
         <name>.debug_info</name>
         <load_address>0x14b11</load_address>
         <run_address>0x14b11</run_address>
         <size>0x1a1</size>
         <input_file_ref idref="fl-d"/>
      </object_component>
      <object_component id="oc-1ff">
         <name>.debug_info</name>
         <load_address>0x14cb2</load_address>
         <run_address>0x14cb2</run_address>
         <size>0x2ad</size>
         <input_file_ref idref="fl-d"/>
      </object_component>
      <object_component id="oc-da">
         <name>.debug_info</name>
         <load_address>0x14f5f</load_address>
         <run_address>0x14f5f</run_address>
         <size>0x137a</size>
         <input_file_ref idref="fl-d"/>
      </object_component>
      <object_component id="oc-31d">
         <name>.debug_info</name>
         <load_address>0x162d9</load_address>
         <run_address>0x162d9</run_address>
         <size>0x62</size>
         <input_file_ref idref="fl-d"/>
      </object_component>
      <object_component id="oc-293">
         <name>.debug_info</name>
         <load_address>0x1633b</load_address>
         <run_address>0x1633b</run_address>
         <size>0x79c</size>
         <input_file_ref idref="fl-10"/>
      </object_component>
      <object_component id="oc-29c">
         <name>.debug_info</name>
         <load_address>0x16ad7</load_address>
         <run_address>0x16ad7</run_address>
         <size>0x1b6</size>
         <input_file_ref idref="fl-10"/>
      </object_component>
      <object_component id="oc-190">
         <name>.debug_info</name>
         <load_address>0x16c8d</load_address>
         <run_address>0x16c8d</run_address>
         <size>0x1cf</size>
         <input_file_ref idref="fl-10"/>
      </object_component>
      <object_component id="oc-170">
         <name>.debug_info</name>
         <load_address>0x16e5c</load_address>
         <run_address>0x16e5c</run_address>
         <size>0x1bf0</size>
         <input_file_ref idref="fl-10"/>
      </object_component>
      <object_component id="oc-3f0">
         <name>.debug_info</name>
         <load_address>0x18a4c</load_address>
         <run_address>0x18a4c</run_address>
         <size>0x6bd</size>
         <input_file_ref idref="fl-10"/>
      </object_component>
      <object_component id="oc-28f">
         <name>.debug_info</name>
         <load_address>0x19109</load_address>
         <run_address>0x19109</run_address>
         <size>0xaae</size>
         <input_file_ref idref="fl-11"/>
      </object_component>
      <object_component id="oc-547">
         <name>.debug_info</name>
         <load_address>0x19bb7</load_address>
         <run_address>0x19bb7</run_address>
         <size>0x39</size>
         <input_file_ref idref="fl-d0"/>
      </object_component>
      <object_component id="oc-515">
         <name>.debug_info</name>
         <load_address>0x19bf0</load_address>
         <run_address>0x19bf0</run_address>
         <size>0x2c</size>
         <input_file_ref idref="fl-d0"/>
      </object_component>
      <object_component id="oc-240">
         <name>.debug_info</name>
         <load_address>0x19c1c</load_address>
         <run_address>0x19c1c</run_address>
         <size>0x33a</size>
         <input_file_ref idref="fl-d4"/>
      </object_component>
      <object_component id="oc-13f">
         <name>.debug_info</name>
         <load_address>0x19f56</load_address>
         <run_address>0x19f56</run_address>
         <size>0x1ee</size>
         <input_file_ref idref="fl-d4"/>
      </object_component>
      <object_component id="oc-234">
         <name>.debug_info</name>
         <load_address>0x1a144</load_address>
         <run_address>0x1a144</run_address>
         <size>0x1c3</size>
         <input_file_ref idref="fl-d4"/>
      </object_component>
      <object_component id="oc-23a">
         <name>.debug_info</name>
         <load_address>0x1a307</load_address>
         <run_address>0x1a307</run_address>
         <size>0x176</size>
         <input_file_ref idref="fl-d4"/>
      </object_component>
      <object_component id="oc-241">
         <name>.debug_info</name>
         <load_address>0x1a47d</load_address>
         <run_address>0x1a47d</run_address>
         <size>0x2c</size>
         <input_file_ref idref="fl-d4"/>
      </object_component>
      <object_component id="oc-385">
         <name>.debug_info</name>
         <load_address>0x1a4a9</load_address>
         <run_address>0x1a4a9</run_address>
         <size>0x4e</size>
         <input_file_ref idref="fl-d4"/>
      </object_component>
      <object_component id="oc-24b">
         <name>.debug_info</name>
         <load_address>0x1a4f7</load_address>
         <run_address>0x1a4f7</run_address>
         <size>0x2c</size>
         <input_file_ref idref="fl-d4"/>
      </object_component>
      <object_component id="oc-246">
         <name>.debug_info</name>
         <load_address>0x1a523</load_address>
         <run_address>0x1a523</run_address>
         <size>0x69</size>
         <input_file_ref idref="fl-d4"/>
      </object_component>
      <object_component id="oc-49">
         <name>.debug_info</name>
         <load_address>0x1a58c</load_address>
         <run_address>0x1a58c</run_address>
         <size>0x119</size>
         <input_file_ref idref="fl-d5"/>
      </object_component>
      <object_component id="oc-b9">
         <name>.debug_info</name>
         <load_address>0x1a6a5</load_address>
         <run_address>0x1a6a5</run_address>
         <size>0x147</size>
         <input_file_ref idref="fl-d6"/>
      </object_component>
      <object_component id="oc-458">
         <name>.debug_info</name>
         <load_address>0x1a7ec</load_address>
         <run_address>0x1a7ec</run_address>
         <size>0x134</size>
         <input_file_ref idref="fl-d7"/>
      </object_component>
      <object_component id="oc-b5">
         <name>.debug_info</name>
         <load_address>0x1a920</load_address>
         <run_address>0x1a920</run_address>
         <size>0x2d4</size>
         <input_file_ref idref="fl-d8"/>
      </object_component>
      <object_component id="oc-5a">
         <name>.debug_info</name>
         <load_address>0x1abf4</load_address>
         <run_address>0x1abf4</run_address>
         <size>0x1b5</size>
         <input_file_ref idref="fl-d8"/>
      </object_component>
      <object_component id="oc-b0">
         <name>.debug_info</name>
         <load_address>0x1ada9</load_address>
         <run_address>0x1ada9</run_address>
         <size>0x46</size>
         <input_file_ref idref="fl-d8"/>
      </object_component>
      <object_component id="oc-51">
         <name>.debug_info</name>
         <load_address>0x1adef</load_address>
         <run_address>0x1adef</run_address>
         <size>0x2a8</size>
         <input_file_ref idref="fl-d9"/>
      </object_component>
      <object_component id="oc-1f">
         <name>.debug_info</name>
         <load_address>0x1b097</load_address>
         <run_address>0x1b097</run_address>
         <size>0x1ea</size>
         <input_file_ref idref="fl-d9"/>
      </object_component>
      <object_component id="oc-4c">
         <name>.debug_info</name>
         <load_address>0x1b281</load_address>
         <run_address>0x1b281</run_address>
         <size>0x46</size>
         <input_file_ref idref="fl-d9"/>
      </object_component>
      <object_component id="oc-a8">
         <name>.debug_info</name>
         <load_address>0x1b2c7</load_address>
         <run_address>0x1b2c7</run_address>
         <size>0x2c</size>
         <input_file_ref idref="fl-d9"/>
      </object_component>
      <object_component id="oc-a6">
         <name>.debug_info</name>
         <load_address>0x1b2f3</load_address>
         <run_address>0x1b2f3</run_address>
         <size>0x29e</size>
         <input_file_ref idref="fl-da"/>
      </object_component>
      <object_component id="oc-18">
         <name>.debug_info</name>
         <load_address>0x1b591</load_address>
         <run_address>0x1b591</run_address>
         <size>0x250</size>
         <input_file_ref idref="fl-da"/>
      </object_component>
      <object_component id="oc-3c">
         <name>.debug_info</name>
         <load_address>0x1b7e1</load_address>
         <run_address>0x1b7e1</run_address>
         <size>0x60</size>
         <input_file_ref idref="fl-da"/>
      </object_component>
      <object_component id="oc-127">
         <name>.debug_info</name>
         <load_address>0x1b841</load_address>
         <run_address>0x1b841</run_address>
         <size>0x46</size>
         <input_file_ref idref="fl-da"/>
      </object_component>
      <object_component id="oc-a1">
         <name>.debug_info</name>
         <load_address>0x1b887</load_address>
         <run_address>0x1b887</run_address>
         <size>0x39</size>
         <input_file_ref idref="fl-da"/>
      </object_component>
      <object_component id="oc-25">
         <name>.debug_info</name>
         <load_address>0x1b8c0</load_address>
         <run_address>0x1b8c0</run_address>
         <size>0x10b</size>
         <input_file_ref idref="fl-db"/>
      </object_component>
      <object_component id="oc-65">
         <name>.debug_info</name>
         <load_address>0x1b9cb</load_address>
         <run_address>0x1b9cb</run_address>
         <size>0x1a9</size>
         <input_file_ref idref="fl-db"/>
      </object_component>
      <object_component id="oc-4bc">
         <name>.debug_info</name>
         <load_address>0x1bb74</load_address>
         <run_address>0x1bb74</run_address>
         <size>0x289</size>
         <input_file_ref idref="fl-dc"/>
      </object_component>
      <object_component id="oc-4b9">
         <name>.debug_info</name>
         <load_address>0x1bdfd</load_address>
         <run_address>0x1bdfd</run_address>
         <size>0x10e</size>
         <input_file_ref idref="fl-dc"/>
      </object_component>
[...]
      </symbol>
      <symbol id="sm-41d">
         <name>vPortSetupTimerInterrupt</name>
         <value>0x4beb</value>
         <object_component_ref idref="oc-32"/>
      </symbol>
      <symbol id="sm-41e">
         <name>vPortEndScheduler</name>
         <value>0x4b8d</value>
         <object_component_ref idref="oc-32"/>
      </symbol>
      <symbol id="sm-41f">
         <name>xPortSysTickHandler</name>
         <value>0x4bc5</value>
         <object_component_ref idref="oc-32"/>
      </symbol>
      <symbol id="sm-420">
         <name>pxPortInitialiseStack</name>
         <value>0x4aed</value>
         <object_component_ref idref="oc-32"/>
      </symbol>
      <symbol id="sm-421">
         <name>vPortExitCritical</name>
         <value>0x4baf</value>
         <object_component_ref idref="oc-32"/>
      </symbol>
      <symbol id="sm-422">
         <name>xPortStartScheduler</name>
         <value>0x4b57</value>
         <object_component_ref idref="oc-32"/>
      </symbol>
      <symbol id="sm-423">
         <name>vPortEnterCritical</name>
         <value>0x4b8f</value>
         <object_component_ref idref="oc-32"/>
      </symbol>
      <symbol id="sm-432">
         <name>vPortStartFirstTask</name>
         <value>0x5269</value>
         <object_component_ref idref="oc-2d"/>
      </symbol>
      <symbol id="sm-433">
         <name>ulPortGetIPSR</name>
         <value>0x51d1</value>
         <object_component_ref idref="oc-2d"/>
      </symbol>
      <symbol id="sm-434">
         <name>vPortEnableVFP</name>
         <value>0x528d</value>
         <object_component_ref idref="oc-2d"/>
      </symbol>
      <symbol id="sm-435">
         <name>xPortPendSVHandler</name>
         <value>0x51e9</value>
         <object_component_ref idref="oc-2d"/>
      </symbol>
      <symbol id="sm-436">
         <name>vPortSVCHandler</name>
         <value>0x5249</value>
         <object_component_ref idref="oc-2d"/>
      </symbol>
      <symbol id="sm-49d">
         <name>vPortInitialiseBlocks</name>
         <value>0x383f</value>
         <object_component_ref idref="oc-d9"/>
      </symbol>
      <symbol id="sm-49e">
         <name>vPortGetHeapStats</name>
         <value>0x39cd</value>
         <object_component_ref idref="oc-d9"/>
      </symbol>
      <symbol id="sm-49f">
         <name>vPortHeapResetState</name>
         <value>0x3a73</value>
         <object_component_ref idref="oc-d9"/>
      </symbol>
      <symbol id="sm-4a0">
         <name>xPortGetFreeHeapSize</name>
         <value>0x3833</value>
         <object_component_ref idref="oc-d9"/>
      </symbol>
      <symbol id="sm-4a1">
         <name>pvPortCalloc</name>
         <value>0x3841</value>
         <object_component_ref idref="oc-d9"/>
      </symbol>
      <symbol id="sm-4a2">
         <name>pvPortMalloc</name>
         <value>0x3695</value>
         <object_component_ref idref="oc-d9"/>
      </symbol>
      <symbol id="sm-4a3">
         <name>vPortFree</name>
         <value>0x37d9</value>
         <object_component_ref idref="oc-d9"/>
      </symbol>
      <symbol id="sm-4a4">
         <name>xPortGetMinimumEverFreeHeapSize</name>
         <value>0x3839</value>
         <object_component_ref idref="oc-d9"/>
      </symbol>
      <symbol id="sm-511">
         <name>Lcd_Orientation</name>
         <value>0x2000d158</value>
      </symbol>
      <symbol id="sm-512">
         <name>Lcd_ScreenWidth</name>
         <value>0x2000d152</value>
      </symbol>
      <symbol id="sm-513">
         <name>Lcd_ScreenHeigth</name>
         <value>0x2000d150</value>
      </symbol>
      <symbol id="sm-514">
         <name>Lcd_PenSolid</name>
         <value>0x2000d159</value>
      </symbol>
      <symbol id="sm-515">
         <name>Lcd_FontSolid</name>
         <value>0x2000d157</value>
      </symbol>
      <symbol id="sm-516">
         <name>Lcd_FlagRead</name>
         <value>0x2000d156</value>
      </symbol>
      <symbol id="sm-517">
         <name>Lcd_TouchTrim</name>
         <value>0x2000d154</value>
      </symbol>
      <symbol id="sm-518">
         <name>Lcd_buffer</name>
         <value>0x20000000</value>
         <object_component_ref idref="oc-29b"/>
      </symbol>
      <symbol id="sm-519">
         <name>Crystalfontz128x128_SetDrawFrame</name>
         <value>0x3157</value>
         <object_component_ref idref="oc-16d"/>
      </symbol>
      <symbol id="sm-51a">
         <name>Crystalfontz128x128_SetOrientation</name>
         <value>0x3233</value>
         <object_component_ref idref="oc-16d"/>
      </symbol>
      <symbol id="sm-51b">
         <name>g_sCrystalfontz128x128</name>
         <value>0x6878</value>
         <object_component_ref idref="oc-18f"/>
      </symbol>
      <symbol id="sm-51c">
         <name>Crystalfontz128x128_Init</name>
         <value>0x30b1</value>
         <object_component_ref idref="oc-16d"/>
      </symbol>
      <symbol id="sm-53c">
         <name>HAL_LCD_writeData</name>
         <value>0x4957</value>
         <object_component_ref idref="oc-28b"/>
      </symbol>
      <symbol id="sm-53d">
         <name>HAL_LCD_SpiInit</name>
         <value>0x48c3</value>
         <object_component_ref idref="oc-28b"/>
      </symbol>
      <symbol id="sm-53e">
         <name>HAL_LCD_PortInit</name>
         <value>0x486d</value>
         <object_component_ref idref="oc-28b"/>
      </symbol>
      <symbol id="sm-53f">
         <name>HAL_LCD_writeCommand</name>
         <value>0x491d</value>
         <object_component_ref idref="oc-28b"/>
      </symbol>
      <symbol id="sm-589">
         <name>snprintf</name>
         <value>0x5b49</value>
         <object_component_ref idref="oc-13d"/>
      </symbol>
      <symbol id="sm-5a4">
         <name>memcpy</name>
         <value>0x540f</value>
         <object_component_ref idref="oc-46"/>
      </symbol>
      <symbol id="sm-5a5">
         <name>__aeabi_memcpy</name>
         <value>0x540f</value>
         <object_component_ref idref="oc-46"/>
      </symbol>
      <symbol id="sm-5a6">
         <name>__aeabi_memcpy8</name>
         <value>0x540f</value>
         <object_component_ref idref="oc-46"/>
      </symbol>
      <symbol id="sm-5a7">
         <name>__aeabi_memcpy4</name>
         <value>0x540f</value>
         <object_component_ref idref="oc-46"/>
      </symbol>
      <symbol id="sm-5b6">
         <name>__aeabi_memset</name>
         <value>0x56d5</value>
         <object_component_ref idref="oc-b6"/>
      </symbol>
      <symbol id="sm-5b7">
         <name>memset</name>
         <value>0x56db</value>
         <object_component_ref idref="oc-b6"/>
      </symbol>
      <symbol id="sm-5b8">
         <name>__aeabi_memset8</name>
         <value>0x56d5</value>
         <object_component_ref idref="oc-b6"/>
      </symbol>
      <symbol id="sm-5b9">
         <name>__aeabi_memset4</name>
         <value>0x56d5</value>
         <object_component_ref idref="oc-b6"/>
      </symbol>
      <symbol id="sm-5ba">
         <name>__aeabi_memclr8</name>
         <value>0x56d3</value>
         <object_component_ref idref="oc-b6"/>
      </symbol>
      <symbol id="sm-5bb">
         <name>__aeabi_memclr4</name>
         <value>0x56d3</value>
         <object_component_ref idref="oc-b6"/>
      </symbol>
      <symbol id="sm-5bc">
         <name>__aeabi_memclr</name>
         <value>0x56d3</value>
         <object_component_ref idref="oc-b6"/>
      </symbol>
      <symbol id="sm-5c9">
         <name>__aeabi_uldivmod</name>
         <value>0x54ab</value>
         <object_component_ref idref="oc-456"/>
      </symbol>
      <symbol id="sm-5db">
         <name>__TI_zero_init</name>
         <value>0x6077</value>
         <object_component_ref idref="oc-58"/>
      </symbol>
      <symbol id="sm-5f2">
         <name>__TI_decompress_none</name>
         <value>0x6051</value>
         <object_component_ref idref="oc-1b"/>
      </symbol>
      <symbol id="sm-615">
         <name>__TI_decompress_lzss</name>
         <value>0x588d</value>
         <object_component_ref idref="oc-15"/>
      </symbol>
      <symbol id="sm-628">
         <name>__stack</name>
         <value>0x2000d160</value>
         <object_component_ref idref="oc-24"/>
      </symbol>
      <symbol id="sm-629">
         <name>_c_int00_noargs</name>
         <value>0x5da1</value>
         <object_component_ref idref="oc-64"/>
      </symbol>
      <symbol id="sm-63f">
         <name>__aeabi_errno_addr</name>
         <value>0x60b5</value>
         <object_component_ref idref="oc-36f"/>
      </symbol>
      <symbol id="sm-640">
         <name>errno</name>
         <value>0x20008050</value>
         <object_component_ref idref="oc-4b8"/>
      </symbol>
      <symbol id="sm-7a5">
         <name>__TI_printfi</name>
         <value>0x2661</value>
         <object_component_ref idref="oc-22d"/>
      </symbol>
      <symbol id="sm-7af">
         <name>__aeabi_idiv0</name>
         <value>0x30af</value>
         <object_component_ref idref="oc-501"/>
      </symbol>
      <symbol id="sm-7b0">
         <name>__aeabi_ldiv0</name>
         <value>0x30af</value>
         <object_component_ref idref="oc-501"/>
      </symbol>
      <symbol id="sm-7c7">
         <name>__aeabi_dsub</name>
         <value>0x4549</value>
         <object_component_ref idref="oc-47c"/>
      </symbol>
      <symbol id="sm-7c8">
         <name>__aeabi_dadd</name>
         <value>0x4553</value>
         <object_component_ref idref="oc-47c"/>
      </symbol>
      <symbol id="sm-7ea">
         <name>__aeabi_cdcmpeq</name>
         <value>0x55c7</value>
         <object_component_ref idref="oc-346"/>
      </symbol>
      <symbol id="sm-7eb">
         <name>__aeabi_cdcmple</name>
         <value>0x55c7</value>
         <object_component_ref idref="oc-346"/>
      </symbol>
      <symbol id="sm-7ec">
         <name>__aeabi_cdrcmple</name>
         <value>0x564d</value>
         <object_component_ref idref="oc-467"/>
      </symbol>
      <symbol id="sm-800">
         <name>__aeabi_ddiv</name>
         <value>0x4c29</value>
         <object_component_ref idref="oc-462"/>
      </symbol>
      <symbol id="sm-80b">
         <name>__aeabi_dmul</name>
         <value>0x50c5</value>
         <object_component_ref idref="oc-45d"/>
      </symbol>
      <symbol id="sm-815">
         <name>__aeabi_d2iz</name>
         <value>0x5c29</value>
         <object_component_ref idref="oc-46c"/>
      </symbol>
      <symbol id="sm-81f">
         <name>__aeabi_i2d</name>
         <value>0x5e33</value>
         <object_component_ref idref="oc-477"/>
      </symbol>
      <symbol id="sm-847">
         <name>__TI_auto_init_nobinit_nopinit</name>
         <value>0x5c71</value>
         <object_component_ref idref="oc-1b1"/>
      </symbol>
      <symbol id="sm-851">
         <name>_system_pre_init</name>
         <value>0x60cf</value>
         <object_component_ref idref="oc-bc"/>
      </symbol>
      <symbol id="sm-85d">
         <name>C$$EXIT</name>
         <value>0x60d3</value>
         <object_component_ref idref="oc-1a5"/>
      </symbol>
      <symbol id="sm-85e">
         <name>abort</name>
         <value>0x60d3</value>
         <object_component_ref idref="oc-1a5"/>
      </symbol>
      <symbol id="sm-86e">
         <name>__TI_ltoa</name>
         <value>0x5a09</value>
         <object_component_ref idref="oc-471"/>
      </symbol>
      <symbol id="sm-885">
         <name>atoi</name>
         <value>0x5afd</value>
         <object_component_ref idref="oc-33a"/>
      </symbol>
      <symbol id="sm-890">
         <name>_ctypes_</name>
         <value>0x6580</value>
         <object_component_ref idref="oc-451"/>
      </symbol>
      <symbol id="sm-8a0">
         <name>memccpy</name>
         <value>0x5f3f</value>
         <object_component_ref idref="oc-363"/>
      </symbol>
      <symbol id="sm-8b0">
         <name>strchr</name>
         <value>0x5fd3</value>
         <object_component_ref idref="oc-4a8"/>
      </symbol>
      <symbol id="sm-8be">
         <name>strlen</name>
         <value>0x5fe9</value>
         <object_component_ref idref="oc-334"/>
      </symbol>
      <symbol id="sm-8d7">
         <name>wcslen</name>
         <value>0x5ffd</value>
         <object_component_ref idref="oc-369"/>
      </symbol>
      <symbol id="sm-8ed">
         <name>frexpl</name>
         <value>0x58f5</value>
         <object_component_ref idref="oc-49c"/>
      </symbol>
      <symbol id="sm-8ee">
         <name>frexp</name>
         <value>0x58f5</value>
         <object_component_ref idref="oc-49c"/>
      </symbol>
      <symbol id="sm-90b">
         <name>scalbn</name>
         <value>0x4fb5</value>
         <object_component_ref idref="oc-4a2"/>
      </symbol>
      <symbol id="sm-90c">
         <name>scalbnl</name>
         <value>0x4fb5</value>
         <object_component_ref idref="oc-4a2"/>
      </symbol>
      <symbol id="sm-90d">
         <name>ldexpl</name>
         <value>0x4fb5</value>
         <object_component_ref idref="oc-4a2"/>
      </symbol>
      <symbol id="sm-90e">
         <name>ldexp</name>
         <value>0x4fb5</value>
         <object_component_ref idref="oc-4a2"/>
      </symbol>
      <symbol id="sm-918">
         <name>copysign</name>
         <value>0x5f75</value>
         <object_component_ref idref="oc-51a"/>
      </symbol>
      <symbol id="sm-919">
         <name>copysignl</name>
         <value>0x5f75</value>
         <object_component_ref idref="oc-51a"/>
      </symbol>
      <symbol id="sm-951">
         <name>GrContextInit</name>
         <value>0x57bd</value>
         <object_component_ref idref="oc-173"/>
      </symbol>
      <symbol id="sm-952">
         <name>g_psDefaultCodePointMapTable</name>
         <value>0x68a0</value>
         <object_component_ref idref="oc-2a5"/>
      </symbol>
      <symbol id="sm-960">
         <name>GrRectFill</name>
         <value>0x5541</value>
         <object_component_ref idref="oc-137"/>
      </symbol>
      <symbol id="sm-a04">
         <name>GrFontInfoGet</name>
         <value>0x5eb9</value>
         <object_component_ref idref="oc-25c"/>
      </symbol>
      <symbol id="sm-a05">
         <name>GrDefaultStringRenderer</name>
         <value>0x529b</value>
         <object_component_ref idref="oc-29f"/>
      </symbol>
      <symbol id="sm-a06">
         <name>GrFontGlyphRender</name>
         <value>0x3d25</value>
         <object_component_ref idref="oc-3f7"/>
      </symbol>
      <symbol id="sm-a07">
         <name>GrContextFontSet</name>
         <value>0x60c3</value>
         <object_component_ref idref="oc-179"/>
      </symbol>
      <symbol id="sm-a08">
         <name>GrFontGlyphDataGet</name>
         <value>0x5edf</value>
         <object_component_ref idref="oc-256"/>
      </symbol>
      <symbol id="sm-a09">
         <name>GrStringDraw</name>
         <value>0x5fbd</value>
         <object_component_ref idref="oc-14f"/>
      </symbol>
      <symbol id="sm-a0a">
         <name>GrFontCodepageGet</name>
         <value>0x5f21</value>
         <object_component_ref idref="oc-40a"/>
      </symbol>
      <symbol id="sm-a0b">
         <name>GrStringNextCharGet</name>
         <value>0x5e05</value>
         <object_component_ref idref="oc-250"/>
      </symbol>
      <symbol id="sm-a0c">
         <name>GrStringWidthGet</name>
         <value>0x5825</value>
         <object_component_ref idref="oc-143"/>
      </symbol>
      <symbol id="sm-a0d">
         <name>GrFontBaselineGet</name>
         <value>0x5e8d</value>
         <object_component_ref idref="oc-149"/>
      </symbol>
      <symbol id="sm-a1f">
         <name>g_sFontFixed6x8</name>
         <value>0x6684</value>
         <object_component_ref idref="oc-192"/>
      </symbol>
      <symbol id="sm-a2c">
         <name>GrMapISO8859_1_Unicode</name>
         <value>0x60a3</value>
         <object_component_ref idref="oc-3fe"/>
      </symbol>
      <symbol id="sm-a44">
         <name>FPULazyStackingEnable</name>
         <value>0x6021</value>
         <object_component_ref idref="oc-161"/>
      </symbol>
      <symbol id="sm-a45">
         <name>FPUEnable</name>
         <value>0x6011</value>
         <object_component_ref idref="oc-15b"/>
      </symbol>
      <symbol id="sm-a8f">
         <name>GPIOPinConfigure</name>
         <value>0x5ab1</value>
         <object_component_ref idref="oc-3c3"/>
      </symbol>
      <symbol id="sm-a90">
         <name>GPIOPinTypeGPIOOutput</name>
         <value>0x5f5b</value>
         <object_component_ref idref="oc-3c9"/>
      </symbol>
      <symbol id="sm-a91">
         <name>GPIODirModeSet</name>
         <value>0x5e61</value>
         <object_component_ref idref="oc-4ce"/>
      </symbol>
      <symbol id="sm-a92">
         <name>GPIOPinWrite</name>
         <value>0x60bd</value>
         <object_component_ref idref="oc-3db"/>
      </symbol>
      <symbol id="sm-a93">
         <name>GPIOPadConfigSet</name>
         <value>0x4701</value>
         <object_component_ref idref="oc-4d4"/>
      </symbol>
      <symbol id="sm-a94">
         <name>GPIOPinTypeSSI</name>
         <value>0x5fa7</value>
         <object_component_ref idref="oc-3bd"/>
      </symbol>
      <symbol id="sm-aa9">
         <name>IntMasterDisable</name>
         <value>0x6031</value>
         <object_component_ref idref="oc-155"/>
      </symbol>
      <symbol id="sm-aaa">
         <name>IntMasterEnable</name>
         <value>0x6041</value>
         <object_component_ref idref="oc-17f"/>
      </symbol>
      <symbol id="sm-ad1">
         <name>SSIDataPut</name>
         <value>0x608f</value>
         <object_component_ref idref="oc-3e7"/>
      </symbol>
      <symbol id="sm-ad2">
         <name>SSIConfigSetExpClk</name>
         <value>0x5d2f</value>
         <object_component_ref idref="oc-3cf"/>
      </symbol>
      <symbol id="sm-ad3">
         <name>SSIEnable</name>
         <value>0x6099</value>
         <object_component_ref idref="oc-3d5"/>
      </symbol>
      <symbol id="sm-ad4">
         <name>SSIBusy</name>
         <value>0x60ab</value>
         <object_component_ref idref="oc-3e1"/>
      </symbol>
      <symbol id="sm-b44">
         <name>SysCtlDelay</name>
         <value>0x60c9</value>
         <object_component_ref idref="oc-291"/>
      </symbol>
      <symbol id="sm-b45">
         <name>SysCtlPeripheralEnable</name>
         <value>0x5d6d</value>
         <object_component_ref idref="oc-3b7"/>
      </symbol>
      <symbol id="sm-b46">
         <name>SysCtlClockFreqSet</name>
         <value>0x3f79</value>
         <object_component_ref idref="oc-167"/>
      </symbol>
      <symbol id="sm-b59">
         <name>CPUcpsie</name>
         <value>0x606b</value>
         <object_component_ref idref="oc-2b4"/>
      </symbol>
      <symbol id="sm-b5a">
         <name>CPUcpsid</name>
         <value>0x605f</value>
         <object_component_ref idref="oc-26b"/>
      </symbol>
      <symbol id="sm-b5b">
         <name>__TI_static_base__</name>
         <value>0x0</value>
      </symbol>
      <symbol id="sm-b5e">
         <name>__mpu_init</name>
         <value>0x0</value>
      </symbol>
      <symbol id="sm-b5f">
         <name>_system_post_cinit</name>
         <value>0x0</value>
      </symbol>
   </symbol_table>
   <title>Link successful</title>
</link_info>
